Archive member included to satisfy reference by file (symbol)

/usr/lib/gcc/arm-none-eabi/13.2.0/../../../../arm-none-eabi/lib/thumb/v7e-m+fp/hard/libc_nano.a(libc_a-atexit.o)
                              /usr/lib/gcc/arm-none-eabi/13.2.0/../../../../arm-none-eabi/lib/thumb/v7e-m+fp/hard/crt0.o (atexit)
/usr/lib/gcc/arm-none-eabi/13.2.0/../../../../arm-none-eabi/lib/thumb/v7e-m+fp/hard/libc_nano.a(libc_a-exit.o)
                              /usr/lib/gcc/arm-none-eabi/13.2.0/../../../../arm-none-eabi/lib/thumb/v7e-m+fp/hard/crt0.o (exit)
/usr/lib/gcc/arm-none-eabi/13.2.0/../../../../arm-none-eabi/lib/thumb/v7e-m+fp/hard/libc_nano.a(libc_a-findfp.o)
                              /usr/lib/gcc/arm-none-eabi/13.2.0/../../../../arm-none-eabi/lib/thumb/v7e-m+fp/hard/libc_nano.a(libc_a-exit.o) (__stdio_exit_handler)
/usr/lib/gcc/arm-none-eabi/13.2.0/../../../../arm-none-eabi/lib/thumb/v7e-m+fp/hard/libc_nano.a(libc_a-fwalk.o)
                              /usr/lib/gcc/arm-none-eabi/13.2.0/../../../../arm-none-eabi/lib/thumb/v7e-m+fp/hard/libc_nano.a(libc_a-findfp.o) (_fwalk_sglue)
/usr/lib/gcc/arm-none-eabi/13.2.0/../../../../arm-none-eabi/lib/thumb/v7e-m+fp/hard/libc_nano.a(libc_a-stdio.o)
                              /usr/lib/gcc/arm-none-eabi/13.2.0/../../../../arm-none-eabi/lib/thumb/v7e-m+fp/hard/libc_nano.a(libc_a-findfp.o) (__sread)
/usr/lib/gcc/arm-none-eabi/13.2.0/../../../../arm-none-eabi/lib/thumb/v7e-m+fp/hard/libc_nano.a(libc_a-memset.o)
                              /usr/lib/gcc/arm-none-eabi/13.2.0/../../../../arm-none-eabi/lib/thumb/v7e-m+fp/hard/crt0.o (memset)
/usr/lib/gcc/arm-none-eabi/13.2.0/../../../../arm-none-eabi/lib/thumb/v7e-m+fp/hard/libc_nano.a(libc_a-closer.o)
                              /usr/lib/gcc/arm-none-eabi/13.2.0/../../../../arm-none-eabi/lib/thumb/v7e-m+fp/hard/libc_nano.a(libc_a-stdio.o) (_close_r)
/usr/lib/gcc/arm-none-eabi/13.2.0/../../../../arm-none-eabi/lib/thumb/v7e-m+fp/hard/libc_nano.a(libc_a-reent.o)
                              /usr/lib/gcc/arm-none-eabi/13.2.0/../../../../arm-none-eabi/lib/thumb/v7e-m+fp/hard/libc_nano.a(libc_a-closer.o) (errno)
/usr/lib/gcc/arm-none-eabi/13.2.0/../../../../arm-none-eabi/lib/thumb/v7e-m+fp/hard/libc_nano.a(libc_a-impure.o)
                              /usr/lib/gcc/arm-none-eabi/13.2.0/../../../../arm-none-eabi/lib/thumb/v7e-m+fp/hard/libc_nano.a(libc_a-reent.o) (_impure_ptr)
/usr/lib/gcc/arm-none-eabi/13.2.0/../../../../arm-none-eabi/lib/thumb/v7e-m+fp/hard/libc_nano.a(libc_a-lseekr.o)
                              /usr/lib/gcc/arm-none-eabi/13.2.0/../../../../arm-none-eabi/lib/thumb/v7e-m+fp/hard/libc_nano.a(libc_a-stdio.o) (_lseek_r)
/usr/lib/gcc/arm-none-eabi/13.2.0/../../../../arm-none-eabi/lib/thumb/v7e-m+fp/hard/libc_nano.a(libc_a-readr.o)
                              /usr/lib/gcc/arm-none-eabi/13.2.0/../../../../arm-none-eabi/lib/thumb/v7e-m+fp/hard/libc_nano.a(libc_a-stdio.o) (_read_r)
/usr/lib/gcc/arm-none-eabi/13.2.0/../../../../arm-none-eabi/lib/thumb/v7e-m+fp/hard/libc_nano.a(libc_a-writer.o)
                              /usr/lib/gcc/arm-none-eabi/13.2.0/../../../../arm-none-eabi/lib/thumb/v7e-m+fp/hard/libc_nano.a(libc_a-stdio.o) (_write_r)
/usr/lib/gcc/arm-none-eabi/13.2.0/../../../../arm-none-eabi/lib/thumb/v7e-m+fp/hard/libc_nano.a(libc_a-init.o)
                              /usr/lib/gcc/arm-none-eabi/13.2.0/../../../../arm-none-eabi/lib/thumb/v7e-m+fp/hard/crt0.o (__libc_init_array)
/usr/lib/gcc/arm-none-eabi/13.2.0/../../../../arm-none-eabi/lib/thumb/v7e-m+fp/hard/libc_nano.a(libc_a-fini.o)
                              /usr/lib/gcc/arm-none-eabi/13.2.0/../../../../arm-none-eabi/lib/thumb/v7e-m+fp/hard/crt0.o (__libc_fini_array)
/usr/lib/gcc/arm-none-eabi/13.2.0/../../../../arm-none-eabi/lib/thumb/v7e-m+fp/hard/libc_nano.a(libc_a-lock.o)
                              /usr/lib/gcc/arm-none-eabi/13.2.0/../../../../arm-none-eabi/lib/thumb/v7e-m+fp/hard/libc_nano.a(libc_a-findfp.o) (__retarget_lock_init_recursive)
/usr/lib/gcc/arm-none-eabi/13.2.0/../../../../arm-none-eabi/lib/thumb/v7e-m+fp/hard/libc_nano.a(libc_a-__atexit.o)
                              /usr/lib/gcc/arm-none-eabi/13.2.0/../../../../arm-none-eabi/lib/thumb/v7e-m+fp/hard/libc_nano.a(libc_a-atexit.o) (__register_exitproc)
/usr/lib/gcc/arm-none-eabi/13.2.0/../../../../arm-none-eabi/lib/thumb/v7e-m+fp/hard/libc_nano.a(libc_a-__call_atexit.o)
                              /usr/lib/gcc/arm-none-eabi/13.2.0/../../../../arm-none-eabi/lib/thumb/v7e-m+fp/hard/libc_nano.a(libc_a-__atexit.o) (__call_exitprocs)
/usr/lib/gcc/arm-none-eabi/13.2.0/../../../../arm-none-eabi/lib/thumb/v7e-m+fp/hard/libc_nano.a(libc_a-freer.o)
                              /usr/lib/gcc/arm-none-eabi/13.2.0/../../../../arm-none-eabi/lib/thumb/v7e-m+fp/hard/libc_nano.a(libc_a-reent.o) (_free_r)
/usr/lib/gcc/arm-none-eabi/13.2.0/../../../../arm-none-eabi/lib/thumb/v7e-m+fp/hard/libc_nano.a(libc_a-mallocr.o)
[...]
Memory Configuration

Name             Origin             Length             Attributes
RAM              0x20000000         0x00020000         xrw
FLASH            0x08000000         0x00080000         xr
*default*        0x00000000         0xffffffff

Linker script and memory map

LOAD /usr/lib/gcc/arm-none-eabi/13.2.0/thumb/v7e-m+fp/hard/crti.o
LOAD /usr/lib/gcc/arm-none-eabi/13.2.0/thumb/v7e-m+fp/hard/crtbegin.o
LOAD /usr/lib/gcc/arm-none-eabi/13.2.0/../../../../arm-none-eabi/lib/thumb/v7e-m+fp/hard/crt0.o
LOAD build/adc.o
LOAD build/bat.o
LOAD build/can.o
LOAD build/dma.o
LOAD build/gpio.o
LOAD build/main.o
LOAD build/stm32f4xx_hal_msp.o
LOAD build/stm32f4xx_it.o
LOAD build/system_stm32f4xx.o
LOAD build/tim.o
LOAD build/usart.o
LOAD build/stm32f4xx_hal.o
LOAD build/stm32f4xx_hal_adc.o
LOAD build/stm32f4xx_hal_adc_ex.o
LOAD build/stm32f4xx_hal_can.o
LOAD build/stm32f4xx_hal_cortex.o
LOAD build/stm32f4xx_hal_dma.o
LOAD build/stm32f4xx_hal_dma_ex.o
LOAD build/stm32f4xx_hal_exti.o
LOAD build/stm32f4xx_hal_flash.o
LOAD build/stm32f4xx_hal_flash_ex.o
LOAD build/stm32f4xx_hal_flash_ramfunc.o
LOAD build/stm32f4xx_hal_gpio.o
LOAD build/stm32f4xx_hal_pwr.o
LOAD build/stm32f4xx_hal_pwr_ex.o
LOAD build/stm32f4xx_hal_rcc.o
LOAD build/stm32f4xx_hal_rcc_ex.o
LOAD build/stm32f4xx_hal_tim.o
LOAD build/stm32f4xx_hal_tim_ex.o
LOAD build/stm32f4xx_hal_uart.o
LOAD build/stm32f4xx_ll_adc.o
LOAD build/startup_stm32f446xx.o
LOAD /usr/lib/gcc/arm-none-eabi/13.2.0/../../../../arm-none-eabi/lib/thumb/v7e-m+fp/hard/libc_nano.a
LOAD /usr/lib/gcc/arm-none-eabi/13.2.0/../../../../arm-none-eabi/lib/thumb/v7e-m+fp/hard/libm.a
LOAD /usr/lib/gcc/arm-none-eabi/13.2.0/../../../../arm-none-eabi/lib/thumb/v7e-m+fp/hard/libnosys.a
START GROUP
LOAD /usr/lib/gcc/arm-none-eabi/13.2.0/thumb/v7e-m+fp/hard/libgcc.a
LOAD /usr/lib/gcc/arm-none-eabi/13.2.0/../../../../arm-none-eabi/lib/thumb/v7e-m+fp/hard/libc_nano.a
END GROUP
START GROUP
LOAD /usr/lib/gcc/arm-none-eabi/13.2.0/thumb/v7e-m+fp/hard/libgcc.a
LOAD /usr/lib/gcc/arm-none-eabi/13.2.0/../../../../arm-none-eabi/lib/thumb/v7e-m+fp/hard/libc_nano.a
END GROUP
LOAD /usr/lib/gcc/arm-none-eabi/13.2.0/thumb/v7e-m+fp/hard/crtend.o
LOAD /usr/lib/gcc/arm-none-eabi/13.2.0/thumb/v7e-m+fp/hard/crtn.o
                0x20020000                        _estack = (ORIGIN (RAM) + LENGTH (RAM))
                0x00000200                        _Min_Heap_Size = 0x200
                0x00000400                        _Min_Stack_Size = 0x400

.isr_vector     0x08000000      0x1c4
                0x08000000                        . = ALIGN (0x4)
 *(.isr_vector)
 .isr_vector    0x08000000      0x1c4 build/startup_stm32f446xx.o
                0x08000000                g_pfnVectors
                0x080001c4                        . = ALIGN (0x4)

.text           0x080001c4     0x248c
                0x080001c4                        . = ALIGN (0x4)
 *(.text)
 .text          0x080001c4       0x30 /usr/lib/gcc/arm-none-eabi/13.2.0/thumb/v7e-m+fp/hard/libgcc.a(_aeabi_uldivmod.o)
                0x080001c4                __aeabi_uldivmod
 .text          0x080001f4        0x4 /usr/lib/gcc/arm-none-eabi/13.2.0/thumb/v7e-m+fp/hard/libgcc.a(_dvmd_tls.o)
                0x080001f4                __aeabi_ldiv0
                0x080001f4                __aeabi_idiv0
 *(.text*)
 .text.__do_global_dtors_aux
                0x080001f8       0x24 /usr/lib/gcc/arm-none-eabi/13.2.0/thumb/v7e-m+fp/hard/crtbegin.o
 .text.frame_dummy
                0x0800021c       0x1c /usr/lib/gcc/arm-none-eabi/13.2.0/thumb/v7e-m+fp/hard/crtbegin.o
 .text.MX_ADC1_Init
                0x08000238       0xb0 build/adc.o
                0x08000238                MX_ADC1_Init
 .text.HAL_ADC_MspInit
                0x080002e8       0xd0 build/adc.o
                0x080002e8                HAL_ADC_MspInit
 .text.MX_CAN1_Init
                0x080003b8       0x40 build/can.o
                0x080003b8                MX_CAN1_Init
 .text.HAL_CAN_MspInit
                0x080003f8       0x70 build/can.o
                0x080003f8                HAL_CAN_MspInit
 .text.MX_DMA_Init
                0x08000468       0x34 build/dma.o
                0x08000468                MX_DMA_Init
 .text.MX_GPIO_Init
                0x0800049c       0xbc build/gpio.o
                0x0800049c                MX_GPIO_Init
 .text.HAL_ADC_ConvCpltCallback
                0x08000558        0x2 build/main.o
                0x08000558                HAL_ADC_ConvCpltCallback
 .text.Error_Handler
                0x0800055a        0x4 build/main.o
                0x0800055a                Error_Handler
 *fill*         0x0800055e        0x2 
 .text.SystemClock_Config
                0x08000560       0xa4 build/main.o
                0x08000560                SystemClock_Config
 .text.main     0x08000604       0x40 build/main.o
                0x08000604                main
 .text.HAL_MspInit
                0x08000644       0x40 build/stm32f4xx_hal_msp.o
                0x08000644                HAL_MspInit
 .text.NMI_Handler
                0x08000684        0x2 build/stm32f4xx_it.o
                0x08000684                NMI_Handler
 .text.HardFault_Handler
                0x08000686        0x2 build/stm32f4xx_it.o
                0x08000686                HardFault_Handler
 .text.MemManage_Handler
                0x08000688        0x2 build/stm32f4xx_it.o
                0x08000688                MemManage_Handler
 .text.BusFault_Handler
                0x0800068a        0x2 build/stm32f4xx_it.o
                0x0800068a                BusFault_Handler
 .text.UsageFault_Handler
                0x0800068c        0x2 build/stm32f4xx_it.o
                0x0800068c                UsageFault_Handler
 .text.SVC_Handler
                0x0800068e        0x2 build/stm32f4xx_it.o
                0x0800068e                SVC_Handler
 .text.DebugMon_Handler
                0x08000690        0x2 build/stm32f4xx_it.o
                0x08000690                DebugMon_Handler
 .text.PendSV_Handler
                0x08000692        0x2 build/stm32f4xx_it.o
                0x08000692                PendSV_Handler
 .text.SysTick_Handler
                0x08000694        0x8 build/stm32f4xx_it.o
                0x08000694                SysTick_Handler
 .text.DMA2_Stream0_IRQHandler
                0x0800069c       0x10 build/stm32f4xx_it.o
                0x0800069c                DMA2_Stream0_IRQHandler
 .text.SystemInit
                0x080006ac       0x14 build/system_stm32f4xx.o
                0x080006ac                SystemInit
 .text.MX_TIM2_Init
                0x080006c0       0x70 build/tim.o
                0x080006c0                MX_TIM2_Init
 .text.HAL_TIM_Base_MspInit
                0x08000730       0x2c build/tim.o
                0x08000730                HAL_TIM_Base_MspInit
 .text.MX_USART2_UART_Init
                0x0800075c       0x34 build/usart.o
                0x0800075c                MX_USART2_UART_Init
 .text.HAL_UART_MspInit
                0x08000790       0x70 build/usart.o
                0x08000790                HAL_UART_MspInit
 .text.HAL_InitTick
                0x08000800       0x4c build/stm32f4xx_hal.o
                0x08000800                HAL_InitTick
 .text.HAL_Init
                0x0800084c       0x34 build/stm32f4xx_hal.o
                0x0800084c                HAL_Init
 .text.HAL_IncTick
                0x08000880       0x18 build/stm32f4xx_hal.o
                0x08000880                HAL_IncTick
 .text.HAL_GetTick
                0x08000898        0xc build/stm32f4xx_hal.o
                0x08000898                HAL_GetTick
 .text.ADC_Init
                0x080008a4      0x134 build/stm32f4xx_hal_adc.o
 .text.HAL_ADC_Init
                0x080009d8       0x56 build/stm32f4xx_hal_adc.o
                0x080009d8                HAL_ADC_Init
 *fill*         0x08000a2e        0x2 
 .text.HAL_ADC_Start_DMA
                0x08000a30      0x19c build/stm32f4xx_hal_adc.o
                0x08000a30                HAL_ADC_Start_DMA
 .text.HAL_ADC_ConvHalfCpltCallback
                0x08000bcc        0x2 build/stm32f4xx_hal_adc.o
                0x08000bcc                HAL_ADC_ConvHalfCpltCallback
 .text.ADC_DMAHalfConvCplt
                0x08000bce        0xa build/stm32f4xx_hal_adc.o
 .text.HAL_ADC_ErrorCallback
                0x08000bd8        0x2 build/stm32f4xx_hal_adc.o
                0x08000bd8                HAL_ADC_ErrorCallback
 .text.ADC_DMAError
                0x08000bda       0x16 build/stm32f4xx_hal_adc.o
 .text.ADC_DMAConvCplt
                0x08000bf0       0x72 build/stm32f4xx_hal_adc.o
 *fill*         0x08000c62        0x2 
 .text.HAL_ADC_ConfigChannel
                0x08000c64      0x1ac build/stm32f4xx_hal_adc.o
                0x08000c64                HAL_ADC_ConfigChannel
 .text.HAL_CAN_Init
                0x08000e10      0x14c build/stm32f4xx_hal_can.o
                0x08000e10                HAL_CAN_Init
 .text.__NVIC_EnableIRQ
                0x08000f5c       0x1c build/stm32f4xx_hal_cortex.o
 .text.__NVIC_SetPriority
                0x08000f78       0x28 build/stm32f4xx_hal_cortex.o
 .text.NVIC_EncodePriority
                0x08000fa0       0x3e build/stm32f4xx_hal_cortex.o
 *fill*         0x08000fde        0x2 
 .text.HAL_NVIC_SetPriorityGrouping
                0x08000fe0       0x24 build/stm32f4xx_hal_cortex.o
                0x08000fe0                HAL_NVIC_SetPriorityGrouping
 .text.HAL_NVIC_SetPriority
                0x08001004       0x20 build/stm32f4xx_hal_cortex.o
                0x08001004                HAL_NVIC_SetPriority
 .text.HAL_NVIC_EnableIRQ
                0x08001024        0x8 build/stm32f4xx_hal_cortex.o
                0x08001024                HAL_NVIC_EnableIRQ
 .text.HAL_SYSTICK_Config
                0x0800102c       0x28 build/stm32f4xx_hal_cortex.o
                0x0800102c                HAL_SYSTICK_Config
 .text.DMA_SetConfig
                0x08001054       0x2c build/stm32f4xx_hal_dma.o
 .text.DMA_CalcBaseAndBitshift
                0x08001080       0x3c build/stm32f4xx_hal_dma.o
 .text.DMA_CheckFifoParam
                0x080010bc       0x8e build/stm32f4xx_hal_dma.o
 *fill*         0x0800114a        0x2 
 .text.HAL_DMA_Init
                0x0800114c       0xcc build/stm32f4xx_hal_dma.o
                0x0800114c                HAL_DMA_Init
 .text.HAL_DMA_Start_IT
                0x08001218       0x6a build/stm32f4xx_hal_dma.o
                0x08001218                HAL_DMA_Start_IT
 *fill*         0x08001282        0x2 
 .text.HAL_DMA_IRQHandler
                0x08001284      0x1dc build/stm32f4xx_hal_dma.o
                0x08001284                HAL_DMA_IRQHandler
 .text.HAL_GPIO_Init
                0x08001460      0x1e0 build/stm32f4xx_hal_gpio.o
                0x08001460                HAL_GPIO_Init
 .text.HAL_GPIO_WritePin
                0x08001640        0xc build/stm32f4xx_hal_gpio.o
                0x08001640                HAL_GPIO_WritePin
 .text.HAL_RCC_ClockConfig
                0x0800164c      0x160 build/stm32f4xx_hal_rcc.o
                0x0800164c                HAL_RCC_ClockConfig
 .text.HAL_RCC_GetHCLKFreq
                0x080017ac        0xc build/stm32f4xx_hal_rcc.o
                0x080017ac                HAL_RCC_GetHCLKFreq
 .text.HAL_RCC_GetPCLK1Freq
                0x080017b8       0x20 build/stm32f4xx_hal_rcc.o
                0x080017b8                HAL_RCC_GetPCLK1Freq
 .text.HAL_RCC_GetPCLK2Freq
                0x080017d8       0x20 build/stm32f4xx_hal_rcc.o
                0x080017d8                HAL_RCC_GetPCLK2Freq
 .text.HAL_RCC_GetSysClockFreq
                0x080017f8      0x190 build/stm32f4xx_hal_rcc_ex.o
                0x080017f8                HAL_RCC_GetSysClockFreq
 .text.HAL_RCC_OscConfig
                0x08001988      0x444 build/stm32f4xx_hal_rcc_ex.o
                0x08001988                HAL_RCC_OscConfig
 .text.TIM_TI1_ConfigInputStage
                0x08001dcc       0x26 build/stm32f4xx_hal_tim.o
 .text.TIM_TI2_ConfigInputStage
                0x08001df2       0x28 build/stm32f4xx_hal_tim.o
 .text.TIM_ITRx_SetConfig
                0x08001e1a       0x10 build/stm32f4xx_hal_tim.o
 *fill*         0x08001e2a        0x2 
 .text.HAL_TIM_Base_Start
                0x08001e2c       0x7c build/stm32f4xx_hal_tim.o
                0x08001e2c                HAL_TIM_Base_Start
 .text.TIM_Base_SetConfig
                0x08001ea8       0xd8 build/stm32f4xx_hal_tim.o
                0x08001ea8                TIM_Base_SetConfig
 .text.HAL_TIM_Base_Init
                0x08001f80       0x58 build/stm32f4xx_hal_tim.o
                0x08001f80                HAL_TIM_Base_Init
 .text.TIM_ETR_SetConfig
                0x08001fd8       0x1a build/stm32f4xx_hal_tim.o
                0x08001fd8                TIM_ETR_SetConfig
 .text.HAL_TIM_ConfigClockSource
                0x08001ff2       0xfe build/stm32f4xx_hal_tim.o
                0x08001ff2                HAL_TIM_ConfigClockSource
 .text.HAL_TIMEx_MasterConfigSynchronization
                0x080020f0       0x8c build/stm32f4xx_hal_tim_ex.o
                0x080020f0                HAL_TIMEx_MasterConfigSynchronization
 .text.UART_SetConfig
                0x0800217c      0x110 build/stm32f4xx_hal_uart.o
 .text.HAL_UART_Init
                0x0800228c       0x60 build/stm32f4xx_hal_uart.o
                0x0800228c                HAL_UART_Init
 .text.Reset_Handler
                0x080022ec       0x50 build/startup_stm32f446xx.o
                0x080022ec                Reset_Handler
 .text.Default_Handler
                0x0800233c        0x2 build/startup_stm32f446xx.o
                0x0800233c                RTC_Alarm_IRQHandler
                0x0800233c                EXTI2_IRQHandler
                0x0800233c                TIM8_CC_IRQHandler
                0x0800233c                FMPI2C1_EV_IRQHandler
                0x0800233c                SPI4_IRQHandler
                0x0800233c                TIM1_CC_IRQHandler
                0x0800233c                DMA2_Stream5_IRQHandler
                0x0800233c                DMA1_Stream5_IRQHandler
                0x0800233c                PVD_IRQHandler
                0x0800233c                SDIO_IRQHandler
                0x0800233c                TAMP_STAMP_IRQHandler
                0x0800233c                CAN2_RX1_IRQHandler
                0x0800233c                EXTI3_IRQHandler
                0x0800233c                TIM8_TRG_COM_TIM14_IRQHandler
                0x0800233c                TIM1_UP_TIM10_IRQHandler
                0x0800233c                TIM8_UP_TIM13_IRQHandler
                0x0800233c                I2C3_ER_IRQHandler
                0x0800233c                EXTI0_IRQHandler
                0x0800233c                I2C2_EV_IRQHandler
                0x0800233c                DMA1_Stream2_IRQHandler
                0x0800233c                CAN1_RX0_IRQHandler
                0x0800233c                FPU_IRQHandler
                0x0800233c                OTG_HS_WKUP_IRQHandler
                0x0800233c                CAN2_SCE_IRQHandler
                0x0800233c                DMA2_Stream2_IRQHandler
                0x0800233c                SPI1_IRQHandler
                0x0800233c                TIM6_DAC_IRQHandler
                0x0800233c                TIM1_BRK_TIM9_IRQHandler
                0x0800233c                DCMI_IRQHandler
                0x0800233c                CAN2_RX0_IRQHandler
                0x0800233c                DMA2_Stream3_IRQHandler
                0x0800233c                SAI2_IRQHandler
                0x0800233c                USART6_IRQHandler
                0x0800233c                USART3_IRQHandler
                0x0800233c                CAN1_RX1_IRQHandler
                0x0800233c                UART5_IRQHandler
                0x0800233c                TIM4_IRQHandler
                0x0800233c                QUADSPI_IRQHandler
                0x0800233c                I2C1_EV_IRQHandler
                0x0800233c                DMA1_Stream6_IRQHandler
                0x0800233c                DMA1_Stream1_IRQHandler
                0x0800233c                UART4_IRQHandler
                0x0800233c                TIM3_IRQHandler
                0x0800233c                RCC_IRQHandler
                0x0800233c                TIM8_BRK_TIM12_IRQHandler
                0x0800233c                Default_Handler
                0x0800233c                CEC_IRQHandler
                0x0800233c                EXTI15_10_IRQHandler
                0x0800233c                ADC_IRQHandler
                0x0800233c                DMA1_Stream7_IRQHandler
                0x0800233c                TIM7_IRQHandler
                0x0800233c                CAN2_TX_IRQHandler
                0x0800233c                TIM5_IRQHandler
                0x0800233c                DMA2_Stream7_IRQHandler
                0x0800233c                I2C3_EV_IRQHandler
                0x0800233c                EXTI9_5_IRQHandler
                0x0800233c                RTC_WKUP_IRQHandler
                0x0800233c                SPDIF_RX_IRQHandler
                0x0800233c                SPI2_IRQHandler
                0x0800233c                OTG_HS_EP1_IN_IRQHandler
                0x0800233c                DMA1_Stream0_IRQHandler
                0x0800233c                CAN1_TX_IRQHandler
                0x0800233c                FMPI2C1_ER_IRQHandler
                0x0800233c                EXTI4_IRQHandler
                0x0800233c                OTG_HS_EP1_OUT_IRQHandler
                0x0800233c                WWDG_IRQHandler
                0x0800233c                TIM2_IRQHandler
                0x0800233c                OTG_FS_WKUP_IRQHandler
                0x0800233c                TIM1_TRG_COM_TIM11_IRQHandler
                0x0800233c                OTG_HS_IRQHandler
                0x0800233c                EXTI1_IRQHandler
                0x0800233c                USART2_IRQHandler
                0x0800233c                I2C2_ER_IRQHandler
                0x0800233c                DMA2_Stream1_IRQHandler
                0x0800233c                CAN1_SCE_IRQHandler
                0x0800233c                FLASH_IRQHandler
                0x0800233c                DMA2_Stream4_IRQHandler
                0x0800233c                USART1_IRQHandler
                0x0800233c                OTG_FS_IRQHandler
                0x0800233c                SPI3_IRQHandler
                0x0800233c                DMA1_Stream4_IRQHandler
                0x0800233c                I2C1_ER_IRQHandler
                0x0800233c                FMC_IRQHandler
                0x0800233c                DMA2_Stream6_IRQHandler
                0x0800233c                SAI1_IRQHandler
                0x0800233c                DMA1_Stream3_IRQHandler
 .text.memset   0x0800233e       0x10 /usr/lib/gcc/arm-none-eabi/13.2.0/../../../../arm-none-eabi/lib/thumb/v7e-m+fp/hard/libc_nano.a(libc_a-memset.o)
                0x0800233e                memset
 *fill*         0x0800234e        0x2 
 .text.__libc_init_array
                0x08002350       0x48 /usr/lib/gcc/arm-none-eabi/13.2.0/../../../../arm-none-eabi/lib/thumb/v7e-m+fp/hard/libc_nano.a(libc_a-init.o)
                0x08002350                __libc_init_array
 .text.__udivmoddi4
                0x08002398      0x2a0 /usr/lib/gcc/arm-none-eabi/13.2.0/thumb/v7e-m+fp/hard/libgcc.a(_udivmoddi4.o)
                0x08002398                __udivmoddi4
 *(.glue_7)
 .glue_7        0x08002638        0x0 linker stubs
 *(.glue_7t)
 .glue_7t       0x08002638        0x0 linker stubs
 *(.eh_frame)
 .eh_frame      0x08002638        0x0 /usr/lib/gcc/arm-none-eabi/13.2.0/thumb/v7e-m+fp/hard/crtbegin.o
 *(.init)
 .init          0x08002638        0x4 /usr/lib/gcc/arm-none-eabi/13.2.0/thumb/v7e-m+fp/hard/crti.o
                0x08002638                _init
 .init          0x0800263c        0x8 /usr/lib/gcc/arm-none-eabi/13.2.0/thumb/v7e-m+fp/hard/crtn.o
 *(.fini)
 .fini          0x08002644        0x4 /usr/lib/gcc/arm-none-eabi/13.2.0/thumb/v7e-m+fp/hard/crti.o
                0x08002644                _fini
 .fini          0x08002648        0x8 /usr/lib/gcc/arm-none-eabi/13.2.0/thumb/v7e-m+fp/hard/crtn.o
                0x08002650                        . = ALIGN (0x4)
                0x08002650                        _etext = .

.vfp11_veneer   0x08002650        0x0
 .vfp11_veneer  0x08002650        0x0 linker stubs

.v4_bx          0x08002650        0x0
 .v4_bx         0x08002650        0x0 linker stubs

.iplt           0x08002650        0x0
 .iplt          0x08002650        0x0 /usr/lib/gcc/arm-none-eabi/13.2.0/thumb/v7e-m+fp/hard/crtbegin.o

.rodata         0x08002650       0x20
                0x08002650                        . = ALIGN (0x4)
 *(.rodata)
 *(.rodata*)
 .rodata.APBPrescTable
                0x08002650        0x8 build/system_stm32f4xx.o
                0x08002650                APBPrescTable
 .rodata.AHBPrescTable
                0x08002658       0x10 build/system_stm32f4xx.o
                0x08002658                AHBPrescTable
 .rodata.flagBitshiftOffset.0
                0x08002668        0x8 build/stm32f4xx_hal_dma.o
                0x08002670                        . = ALIGN (0x4)

.ARM.extab
 *(.ARM.extab* .gnu.linkonce.armextab.*)

.ARM            0x08002670        0x8
                0x08002670                        __exidx_start = .
 *(.ARM.exidx*)
 .ARM.exidx.text.__udivmoddi4
                0x08002670        0x8 /usr/lib/gcc/arm-none-eabi/13.2.0/thumb/v7e-m+fp/hard/libgcc.a(_udivmoddi4.o)
                0x08002678                        __exidx_end = .

.rel.dyn        0x08002678        0x0
 .rel.iplt      0x08002678        0x0 /usr/lib/gcc/arm-none-eabi/13.2.0/thumb/v7e-m+fp/hard/crtbegin.o

.preinit_array  0x08002678        0x0
                0x08002678                        PROVIDE (__preinit_array_start = .)
 *(.preinit_array*)
                0x08002678                        PROVIDE (__preinit_array_end = .)

.init_array     0x08002678        0x4
                0x08002678                        PROVIDE (__init_array_start = .)
 *(SORT_BY_NAME(.init_array.*))
 *(.init_array*)
 .init_array    0x08002678        0x4 /usr/lib/gcc/arm-none-eabi/13.2.0/thumb/v7e-m+fp/hard/crtbegin.o
                0x0800267c                        PROVIDE (__init_array_end = .)

.fini_array     0x0800267c        0x4
                0x0800267c                        PROVIDE (__fini_array_start = .)
 *(SORT_BY_NAME(.fini_array.*))
 *(.fini_array*)
 .fini_array    0x0800267c        0x4 /usr/lib/gcc/arm-none-eabi/13.2.0/thumb/v7e-m+fp/hard/crtbegin.o
                0x08002680                        PROVIDE (__fini_array_end = .)
                0x08002680                        _sidata = LOADADDR (.data)

.data           0x20000000        0xc load address 0x08002680
                0x20000000                        . = ALIGN (0x4)
                0x20000000                        _sdata = .
 *(.data)
 *(.data*)
 .data.SystemCoreClock
                0x20000000        0x4 build/system_stm32f4xx.o
                0x20000000                SystemCoreClock
 .data.uwTickFreq
                0x20000004        0x1 build/stm32f4xx_hal.o
                0x20000004                uwTickFreq
 *fill*         0x20000005        0x3 
 .data.uwTickPrio
                0x20000008        0x4 build/stm32f4xx_hal.o
                0x20000008                uwTickPrio
                0x2000000c                        . = ALIGN (0x4)
                0x2000000c                        _edata = .

.igot.plt       0x2000000c        0x0 load address 0x0800268c
 .igot.plt      0x2000000c        0x0 /usr/lib/gcc/arm-none-eabi/13.2.0/thumb/v7e-m+fp/hard/crtbegin.o
                0x2000000c                        . = ALIGN (0x4)

.bss            0x2000000c      0x188 load address 0x0800268c
                0x2000000c                        _sbss = .
                0x2000000c                        __bss_start__ = _sbss
 *(.bss)
 *(.bss*)
 .bss.completed.1
                0x2000000c        0x1 /usr/lib/gcc/arm-none-eabi/13.2.0/thumb/v7e-m+fp/hard/crtbegin.o
 *fill*         0x2000000d        0x3 
 .bss.object.0  0x20000010       0x18 /usr/lib/gcc/arm-none-eabi/13.2.0/thumb/v7e-m+fp/hard/crtbegin.o
 .bss.hdma_adc1
                0x20000028       0x60 build/adc.o
                0x20000028                hdma_adc1
 .bss.hadc1     0x20000088       0x48 build/adc.o
                0x20000088                hadc1
 .bss.hcan1     0x200000d0       0x28 build/can.o
                0x200000d0                hcan1
 .bss.dma_bat_buf
                0x200000f8        0x8 build/main.o
                0x200000f8                dma_bat_buf
 .bss.htim2     0x20000100       0x48 build/tim.o
                0x20000100                htim2
 .bss.huart2    0x20000148       0x48 build/usart.o
                0x20000148                huart2
 .bss.uwTick    0x20000190        0x4 build/stm32f4xx_hal.o
                0x20000190                uwTick
 *(COMMON)
                0x20000194                        . = ALIGN (0x4)
                0x20000194                        _ebss = .
                0x20000194                        __bss_end__ = _ebss

._user_heap_stack
                0x20000194      0x604 load address 0x0800268c
                0x20000198                        . = ALIGN (0x8)
 *fill*         0x20000194        0x4 
                0x20000198                        PROVIDE (end = .)
                [!provide]                        PROVIDE (_end = .)
                0x20000398                        . = (. + _Min_Heap_Size)
 *fill*         0x20000198      0x200 
                0x20000798                        . = (. + _Min_Stack_Size)
 *fill*         0x20000398      0x400 
                0x20000798                        . = ALIGN (0x8)

/DISCARD/
 libc.a(*)
 libm.a(*)
 libgcc.a(*)

.ARM.attributes
                0x00000000       0x30
 *(.ARM.attributes)
 .ARM.attributes
                0x00000000       0x22 /usr/lib/gcc/arm-none-eabi/13.2.0/thumb/v7e-m+fp/hard/crti.o
 .ARM.attributes
                0x00000022       0x34 /usr/lib/gcc/arm-none-eabi/13.2.0/thumb/v7e-m+fp/hard/crtbegin.o
 .ARM.attributes
                0x00000056       0x34 build/adc.o
 .ARM.attributes
                0x0000008a       0x34 build/can.o
 .ARM.attributes
                0x000000be       0x34 build/dma.o
 .ARM.attributes
                0x000000f2       0x34 build/gpio.o
 .ARM.attributes
                0x00000126       0x34 build/main.o
 .ARM.attributes
                0x0000015a       0x34 build/stm32f4xx_hal_msp.o
 .ARM.attributes
                0x0000018e       0x34 build/stm32f4xx_it.o
 .ARM.attributes
                0x000001c2       0x34 build/system_stm32f4xx.o
 .ARM.attributes
                0x000001f6       0x34 build/tim.o
 .ARM.attributes
                0x0000022a       0x34 build/usart.o
 .ARM.attributes
                0x0000025e       0x34 build/stm32f4xx_hal.o
 .ARM.attributes
                0x00000292       0x34 build/stm32f4xx_hal_adc.o
 .ARM.attributes
                0x000002c6       0x34 build/stm32f4xx_hal_can.o
 .ARM.attributes
                0x000002fa       0x34 build/stm32f4xx_hal_cortex.o
 .ARM.attributes
                0x0000032e       0x34 build/stm32f4xx_hal_dma.o
 .ARM.attributes
                0x00000362       0x34 build/stm32f4xx_hal_gpio.o
 .ARM.attributes
                0x00000396       0x34 build/stm32f4xx_hal_rcc.o
 .ARM.attributes
                0x000003ca       0x34 build/stm32f4xx_hal_rcc_ex.o
 .ARM.attributes
                0x000003fe       0x34 build/stm32f4xx_hal_tim.o
 .ARM.attributes
                0x00000432       0x34 build/stm32f4xx_hal_tim_ex.o
 .ARM.attributes
                0x00000466       0x34 build/stm32f4xx_hal_uart.o
 .ARM.attributes
                0x0000049a       0x21 build/startup_stm32f446xx.o
 .ARM.attributes
                0x000004bb       0x34 /usr/lib/gcc/arm-none-eabi/13.2.0/../../../../arm-none-eabi/lib/thumb/v7e-m+fp/hard/libc_nano.a(libc_a-memset.o)
 .ARM.attributes
                0x000004ef       0x34 /usr/lib/gcc/arm-none-eabi/13.2.0/../../../../arm-none-eabi/lib/thumb/v7e-m+fp/hard/libc_nano.a(libc_a-init.o)
 .ARM.attributes
                0x00000523       0x22 /usr/lib/gcc/arm-none-eabi/13.2.0/thumb/v7e-m+fp/hard/libgcc.a(_aeabi_uldivmod.o)
 .ARM.attributes
                0x00000545       0x34 /usr/lib/gcc/arm-none-eabi/13.2.0/thumb/v7e-m+fp/hard/libgcc.a(_udivmoddi4.o)
 .ARM.attributes
                0x00000579       0x22 /usr/lib/gcc/arm-none-eabi/13.2.0/thumb/v7e-m+fp/hard/libgcc.a(_dvmd_tls.o)
 .ARM.attributes
                0x0000059b       0x22 /usr/lib/gcc/arm-none-eabi/13.2.0/thumb/v7e-m+fp/hard/crtn.o
OUTPUT(build/dumBMS.elf elf32-littlearm)
LOAD linker stubs
LOAD /usr/lib/gcc/arm-none-eabi/13.2.0/../../../../arm-none-eabi/lib/thumb/v7e-m+fp/hard/libc.a
LOAD /usr/lib/gcc/arm-none-eabi/13.2.0/../../../../arm-none-eabi/lib/thumb/v7e-m+fp/hard/libm.a
LOAD /usr/lib/gcc/arm-none-eabi/13.2.0/thumb/v7e-m+fp/hard/libgcc.a

.debug_info     0x00000000    0x15118
 .debug_info    0x00000000      0xb7f build/adc.o
 .debug_info    0x00000b7f      0x8de build/can.o
 .debug_info    0x0000145d      0x529 build/dma.o
 .debug_info    0x00001986      0x4a3 build/gpio.o
 .debug_info    0x00001e29      0xed1 build/main.o
 .debug_info    0x00002cfa      0x2bb build/stm32f4xx_hal_msp.o
 .debug_info    0x00002fb5      0x3c1 build/stm32f4xx_it.o
 .debug_info    0x00003376      0x55f build/system_stm32f4xx.o
 .debug_info    0x000038d5      0xa32 build/tim.o
 .debug_info    0x00004307      0x9a9 build/usart.o
 .debug_info    0x00004cb0      0xa38 build/stm32f4xx_hal.o
 .debug_info    0x000056e8      0xe82 build/stm32f4xx_hal_adc.o
 .debug_info    0x0000656a     0x11f2 build/stm32f4xx_hal_can.o
 .debug_info    0x0000775c      0xfe0 build/stm32f4xx_hal_cortex.o
 .debug_info    0x0000873c      0xad9 build/stm32f4xx_hal_dma.o
 .debug_info    0x00009215      0x74c build/stm32f4xx_hal_gpio.o
 .debug_info    0x00009961      0xaab build/stm32f4xx_hal_rcc.o
 .debug_info    0x0000a40c      0xc4f build/stm32f4xx_hal_rcc_ex.o
 .debug_info    0x0000b05b     0x3c53 build/stm32f4xx_hal_tim.o
 .debug_info    0x0000ecae     0x1aec build/stm32f4xx_hal_tim_ex.o
 .debug_info    0x0001079a     0x4000 build/stm32f4xx_hal_uart.o
 .debug_info    0x0001479a       0x30 build/startup_stm32f446xx.o
 .debug_info    0x000147ca       0xe0 /usr/lib/gcc/arm-none-eabi/13.2.0/../../../../arm-none-eabi/lib/thumb/v7e-m+fp/hard/libc_nano.a(libc_a-memset.o)
 .debug_info    0x000148aa      0x10b /usr/lib/gcc/arm-none-eabi/13.2.0/../../../../arm-none-eabi/lib/thumb/v7e-m+fp/hard/libc_nano.a(libc_a-init.o)
 .debug_info    0x000149b5       0x24 /usr/lib/gcc/arm-none-eabi/13.2.0/thumb/v7e-m+fp/hard/libgcc.a(_aeabi_uldivmod.o)
 .debug_info    0x000149d9      0x703 /usr/lib/gcc/arm-none-eabi/13.2.0/thumb/v7e-m+fp/hard/libgcc.a(_udivmoddi4.o)
 .debug_info    0x000150dc       0x3c /usr/lib/gcc/arm-none-eabi/13.2.0/thumb/v7e-m+fp/hard/libgcc.a(_dvmd_tls.o)

.debug_abbrev   0x00000000     0x3098
 .debug_abbrev  0x00000000      0x21a build/adc.o
 .debug_abbrev  0x0000021a      0x21e build/can.o
 .debug_abbrev  0x00000438      0x12b build/dma.o
 .debug_abbrev  0x00000563      0x164 build/gpio.o
 .debug_abbrev  0x000006c7      0x256 build/main.o
 .debug_abbrev  0x0000091d       0xfb build/stm32f4xx_hal_msp.o
 .debug_abbrev  0x00000a18      0x172 build/stm32f4xx_it.o
 .debug_abbrev  0x00000b8a      0x11e build/system_stm32f4xx.o
 .debug_abbrev  0x00000ca8      0x1f3 build/tim.o
 .debug_abbrev  0x00000e9b      0x217 build/usart.o
 .debug_abbrev  0x000010b2      0x240 build/stm32f4xx_hal.o
 .debug_abbrev  0x000012f2      0x278 build/stm32f4xx_hal_adc.o
 .debug_abbrev  0x0000156a      0x27d build/stm32f4xx_hal_can.o
 .debug_abbrev  0x000017e7      0x39c build/stm32f4xx_hal_cortex.o
 .debug_abbrev  0x00001b83      0x2c0 build/stm32f4xx_hal_dma.o
 .debug_abbrev  0x00001e43      0x202 build/stm32f4xx_hal_gpio.o
 .debug_abbrev  0x00002045      0x2c6 build/stm32f4xx_hal_rcc.o
 .debug_abbrev  0x0000230b      0x24f build/stm32f4xx_hal_rcc_ex.o
 .debug_abbrev  0x0000255a      0x271 build/stm32f4xx_hal_tim.o
 .debug_abbrev  0x000027cb      0x26f build/stm32f4xx_hal_tim_ex.o
 .debug_abbrev  0x00002a3a      0x32f build/stm32f4xx_hal_uart.o
 .debug_abbrev  0x00002d69       0x24 build/startup_stm32f446xx.o
 .debug_abbrev  0x00002d8d       0x9e /usr/lib/gcc/arm-none-eabi/13.2.0/../../../../arm-none-eabi/lib/thumb/v7e-m+fp/hard/libc_nano.a(libc_a-memset.o)
 .debug_abbrev  0x00002e2b       0xc9 /usr/lib/gcc/arm-none-eabi/13.2.0/../../../../arm-none-eabi/lib/thumb/v7e-m+fp/hard/libc_nano.a(libc_a-init.o)
 .debug_abbrev  0x00002ef4       0x14 /usr/lib/gcc/arm-none-eabi/13.2.0/thumb/v7e-m+fp/hard/libgcc.a(_aeabi_uldivmod.o)
 .debug_abbrev  0x00002f08      0x16a /usr/lib/gcc/arm-none-eabi/13.2.0/thumb/v7e-m+fp/hard/libgcc.a(_udivmoddi4.o)
 .debug_abbrev  0x00003072       0x26 /usr/lib/gcc/arm-none-eabi/13.2.0/thumb/v7e-m+fp/hard/libgcc.a(_dvmd_tls.o)

.debug_loclists
                0x00000000     0xb60f
 .debug_loclists
                0x00000000       0x5c build/adc.o
 .debug_loclists
                0x0000005c       0x74 build/can.o
 .debug_loclists
                0x000000d0       0xfa build/system_stm32f4xx.o
 .debug_loclists
                0x000001ca       0x74 build/usart.o
 .debug_loclists
                0x0000023e       0xe1 build/stm32f4xx_hal.o
 .debug_loclists
                0x0000031f      0x920 build/stm32f4xx_hal_adc.o
 .debug_loclists
                0x00000c3f      0xa57 build/stm32f4xx_hal_can.o
 .debug_loclists
                0x00001696      0x54d build/stm32f4xx_hal_cortex.o
 .debug_loclists
                0x00001be3      0x88a build/stm32f4xx_hal_dma.o
 .debug_loclists
                0x0000246d      0x386 build/stm32f4xx_hal_gpio.o
 .debug_loclists
                0x000027f3      0x3e5 build/stm32f4xx_hal_rcc.o
 .debug_loclists
                0x00002bd8      0xa25 build/stm32f4xx_hal_rcc_ex.o
 .debug_loclists
                0x000035fd     0x37aa build/stm32f4xx_hal_tim.o
 .debug_loclists
                0x00006da7     0x13ec build/stm32f4xx_hal_tim_ex.o
 .debug_loclists
                0x00008193     0x2c89 build/stm32f4xx_hal_uart.o
 .debug_loclists
                0x0000ae1c       0x47 /usr/lib/gcc/arm-none-eabi/13.2.0/../../../../arm-none-eabi/lib/thumb/v7e-m+fp/hard/libc_nano.a(libc_a-memset.o)
 .debug_loclists
                0x0000ae63       0x44 /usr/lib/gcc/arm-none-eabi/13.2.0/../../../../arm-none-eabi/lib/thumb/v7e-m+fp/hard/libc_nano.a(libc_a-init.o)
 .debug_loclists
                0x0000aea7      0x768 /usr/lib/gcc/arm-none-eabi/13.2.0/thumb/v7e-m+fp/hard/libgcc.a(_udivmoddi4.o)

.debug_aranges  0x00000000      0xfd0
 .debug_aranges
                0x00000000       0x30 build/adc.o
 .debug_aranges
                0x00000030       0x30 build/can.o
 .debug_aranges
                0x00000060       0x20 build/dma.o
 .debug_aranges
                0x00000080       0x20 build/gpio.o
 .debug_aranges
                0x000000a0       0x38 build/main.o
 .debug_aranges
                0x000000d8       0x20 build/stm32f4xx_hal_msp.o
 .debug_aranges
                0x000000f8       0x68 build/stm32f4xx_it.o
 .debug_aranges
                0x00000160       0x28 build/system_stm32f4xx.o
 .debug_aranges
                0x00000188       0x30 build/tim.o
 .debug_aranges
                0x000001b8       0x30 build/usart.o
 .debug_aranges
                0x000001e8       0xf0 build/stm32f4xx_hal.o
 .debug_aranges
                0x000002d8       0xe8 build/stm32f4xx_hal_adc.o
 .debug_aranges
                0x000003c0      0x138 build/stm32f4xx_hal_can.o
 .debug_aranges
                0x000004f8       0xe8 build/stm32f4xx_hal_cortex.o
 .debug_aranges
                0x000005e0       0x90 build/stm32f4xx_hal_dma.o
 .debug_aranges
                0x00000670       0x58 build/stm32f4xx_hal_gpio.o
 .debug_aranges
                0x000006c8       0x88 build/stm32f4xx_hal_rcc.o
 .debug_aranges
                0x00000750       0x78 build/stm32f4xx_hal_rcc_ex.o
 .debug_aranges
                0x000007c8      0x3d0 build/stm32f4xx_hal_tim.o
 .debug_aranges
                0x00000b98      0x168 build/stm32f4xx_hal_tim_ex.o
 .debug_aranges
                0x00000d00      0x208 build/stm32f4xx_hal_uart.o
 .debug_aranges
                0x00000f08       0x28 build/startup_stm32f446xx.o
 .debug_aranges
                0x00000f30       0x20 /usr/lib/gcc/arm-none-eabi/13.2.0/../../../../arm-none-eabi/lib/thumb/v7e-m+fp/hard/libc_nano.a(libc_a-memset.o)
 .debug_aranges
                0x00000f50       0x20 /usr/lib/gcc/arm-none-eabi/13.2.0/../../../../arm-none-eabi/lib/thumb/v7e-m+fp/hard/libc_nano.a(libc_a-init.o)
 .debug_aranges
                0x00000f70       0x20 /usr/lib/gcc/arm-none-eabi/13.2.0/thumb/v7e-m+fp/hard/libgcc.a(_aeabi_uldivmod.o)
 .debug_aranges
                0x00000f90       0x20 /usr/lib/gcc/arm-none-eabi/13.2.0/thumb/v7e-m+fp/hard/libgcc.a(_udivmoddi4.o)
 .debug_aranges
                0x00000fb0       0x20 /usr/lib/gcc/arm-none-eabi/13.2.0/thumb/v7e-m+fp/hard/libgcc.a(_dvmd_tls.o)

.debug_rnglists
                0x00000000      0xc34
 .debug_rnglists
                0x00000000       0x21 build/adc.o
 .debug_rnglists
                0x00000021       0x1f build/can.o
 .debug_rnglists
                0x00000040       0x13 build/dma.o
 .debug_rnglists
                0x00000053       0x14 build/gpio.o
 .debug_rnglists
                0x00000067       0x26 build/main.o
 .debug_rnglists
                0x0000008d       0x13 build/stm32f4xx_hal_msp.o
 .debug_rnglists
                0x000000a0       0x49 build/stm32f4xx_it.o
 .debug_rnglists
                0x000000e9       0x1a build/system_stm32f4xx.o
 .debug_rnglists
                0x00000103       0x1f build/tim.o
 .debug_rnglists
                0x00000122       0x1f build/usart.o
 .debug_rnglists
                0x00000141       0xaf build/stm32f4xx_hal.o
 .debug_rnglists
                0x000001f0       0xb0 build/stm32f4xx_hal_adc.o
 .debug_rnglists
                0x000002a0       0xf6 build/stm32f4xx_hal_can.o
 .debug_rnglists
                0x00000396       0xa9 build/stm32f4xx_hal_cortex.o
 .debug_rnglists
                0x0000043f       0x6c build/stm32f4xx_hal_dma.o
 .debug_rnglists
                0x000004ab       0x3f build/stm32f4xx_hal_gpio.o
 .debug_rnglists
                0x000004ea       0x75 build/stm32f4xx_hal_rcc.o
 .debug_rnglists
                0x0000055f       0x6b build/stm32f4xx_hal_rcc_ex.o
 .debug_rnglists
                0x000005ca      0x302 build/stm32f4xx_hal_tim.o
 .debug_rnglists
                0x000008cc      0x11b build/stm32f4xx_hal_tim_ex.o
 .debug_rnglists
                0x000009e7      0x1a1 build/stm32f4xx_hal_uart.o
 .debug_rnglists
                0x00000b88       0x19 build/startup_stm32f446xx.o
 .debug_rnglists
                0x00000ba1       0x13 /usr/lib/gcc/arm-none-eabi/13.2.0/../../../../arm-none-eabi/lib/thumb/v7e-m+fp/hard/libc_nano.a(libc_a-memset.o)
 .debug_rnglists
                0x00000bb4       0x13 /usr/lib/gcc/arm-none-eabi/13.2.0/../../../../arm-none-eabi/lib/thumb/v7e-m+fp/hard/libc_nano.a(libc_a-init.o)
 .debug_rnglists
                0x00000bc7       0x6d /usr/lib/gcc/arm-none-eabi/13.2.0/thumb/v7e-m+fp/hard/libgcc.a(_udivmoddi4.o)

.debug_line     0x00000000    0x11643
 .debug_line    0x00000000      0x397 build/adc.o
 .debug_line    0x00000397      0x280 build/can.o
 .debug_line    0x00000617      0x127 build/dma.o
 .debug_line    0x0000073e      0x192 build/gpio.o
 .debug_line    0x000008d0      0x344 build/main.o
 .debug_line    0x00000c14      0x13b build/stm32f4xx_hal_msp.o
 .debug_line    0x00000d4f      0x222 build/stm32f4xx_it.o
 .debug_line    0x00000f71      0x1f6 build/system_stm32f4xx.o
 .debug_line    0x00001167      0x266 build/tim.o
 .debug_line    0x000013cd      0x26d build/usart.o
 .debug_line    0x0000163a      0x50f build/stm32f4xx_hal.o
 .debug_line    0x00001b49     0x1067 build/stm32f4xx_hal_adc.o
 .debug_line    0x00002bb0     0x10f3 build/stm32f4xx_hal_can.o
 .debug_line    0x00003ca3      0x7b7 build/stm32f4xx_hal_cortex.o
 .debug_line    0x0000445a      0xddb build/stm32f4xx_hal_dma.o
 .debug_line    0x00005235      0x689 build/stm32f4xx_hal_gpio.o
 .debug_line    0x000058be      0xb34 build/stm32f4xx_hal_rcc.o
 .debug_line    0x000063f2     0x13fc build/stm32f4xx_hal_rcc_ex.o
 .debug_line    0x000077ee     0x4716 build/stm32f4xx_hal_tim.o
 .debug_line    0x0000bf04     0x1a5f build/stm32f4xx_hal_tim_ex.o
 .debug_line    0x0000d963     0x3465 build/stm32f4xx_hal_uart.o
 .debug_line    0x00010dc8       0x76 build/startup_stm32f446xx.o
 .debug_line    0x00010e3e      0x123 /usr/lib/gcc/arm-none-eabi/13.2.0/../../../../arm-none-eabi/lib/thumb/v7e-m+fp/hard/libc_nano.a(libc_a-memset.o)
 .debug_line    0x00010f61      0x135 /usr/lib/gcc/arm-none-eabi/13.2.0/../../../../arm-none-eabi/lib/thumb/v7e-m+fp/hard/libc_nano.a(libc_a-init.o)
 .debug_line    0x00011096       0x4e /usr/lib/gcc/arm-none-eabi/13.2.0/thumb/v7e-m+fp/hard/libgcc.a(_aeabi_uldivmod.o)
 .debug_line    0x000110e4      0x515 /usr/lib/gcc/arm-none-eabi/13.2.0/thumb/v7e-m+fp/hard/libgcc.a(_udivmoddi4.o)
 .debug_line    0x000115f9       0x4a /usr/lib/gcc/arm-none-eabi/13.2.0/thumb/v7e-m+fp/hard/libgcc.a(_dvmd_tls.o)

.debug_str      0x00000000     0x53ba
 .debug_str     0x00000000     0x53ba build/adc.o
                                0x807 (size before relaxing)
 .debug_str     0x000053ba      0x61d build/can.o
 .debug_str     0x000053ba      0x802 build/dma.o
 .debug_str     0x000053ba      0x36e build/gpio.o
 .debug_str     0x000053ba      0xbe4 build/main.o
 .debug_str     0x000053ba      0x2cc build/stm32f4xx_hal_msp.o
 .debug_str     0x000053ba      0x493 build/stm32f4xx_it.o
 .debug_str     0x000053ba      0x369 build/system_stm32f4xx.o
 .debug_str     0x000053ba      0x945 build/tim.o
 .debug_str     0x000053ba      0x82a build/usart.o
 .debug_str     0x000053ba      0xb99 build/stm32f4xx_hal.o
 .debug_str     0x000053ba      0x931 build/stm32f4xx_hal_adc.o
 .debug_str     0x000053ba      0xa04 build/stm32f4xx_hal_can.o
 .debug_str     0x000053ba      0xc53 build/stm32f4xx_hal_cortex.o
 .debug_str     0x000053ba      0x745 build/stm32f4xx_hal_dma.o
 .debug_str     0x000053ba      0x4d4 build/stm32f4xx_hal_gpio.o
 .debug_str     0x000053ba      0x6ff build/stm32f4xx_hal_rcc.o
 .debug_str     0x000053ba      0x7e6 build/stm32f4xx_hal_rcc_ex.o
 .debug_str     0x000053ba     0x16ce build/stm32f4xx_hal_tim.o
 .debug_str     0x000053ba      0xeda build/stm32f4xx_hal_tim_ex.o
 .debug_str     0x000053ba      0xd6a build/stm32f4xx_hal_uart.o
 .debug_str     0x000053ba       0x54 build/startup_stm32f446xx.o
 .debug_str     0x000053ba      0x1bf /usr/lib/gcc/arm-none-eabi/13.2.0/../../../../arm-none-eabi/lib/thumb/v7e-m+fp/hard/libc_nano.a(libc_a-memset.o)
 .debug_str     0x000053ba      0x220 /usr/lib/gcc/arm-none-eabi/13.2.0/../../../../arm-none-eabi/lib/thumb/v7e-m+fp/hard/libc_nano.a(libc_a-init.o)
 .debug_str     0x000053ba       0x9e /usr/lib/gcc/arm-none-eabi/13.2.0/thumb/v7e-m+fp/hard/libgcc.a(_aeabi_uldivmod.o)
 .debug_str     0x000053ba      0x6b6 /usr/lib/gcc/arm-none-eabi/13.2.0/thumb/v7e-m+fp/hard/libgcc.a(_udivmoddi4.o)
 .debug_str     0x000053ba       0xbe /usr/lib/gcc/arm-none-eabi/13.2.0/thumb/v7e-m+fp/hard/libgcc.a(_dvmd_tls.o)

.comment        0x00000000       0x3c
 .comment       0x00000000       0x3c build/adc.o
                                 0x1f (size before relaxing)
 .comment       0x0000003c       0x1f build/can.o
 .comment       0x0000003c       0x1f build/dma.o
 .comment       0x0000003c       0x1f build/gpio.o
 .comment       0x0000003c       0x1f build/main.o
 .comment       0x0000003c       0x1f build/stm32f4xx_hal_msp.o
 .comment       0x0000003c       0x1f build/stm32f4xx_it.o
 .comment       0x0000003c       0x1f build/system_stm32f4xx.o
 .comment       0x0000003c       0x1f build/tim.o
 .comment       0x0000003c       0x1f build/usart.o
 .comment       0x0000003c       0x1f build/stm32f4xx_hal.o
 .comment       0x0000003c       0x1f build/stm32f4xx_hal_adc.o
 .comment       0x0000003c       0x1f build/stm32f4xx_hal_can.o
 .comment       0x0000003c       0x1f build/stm32f4xx_hal_cortex.o
 .comment       0x0000003c       0x1f build/stm32f4xx_hal_dma.o
 .comment       0x0000003c       0x1f build/stm32f4xx_hal_gpio.o
 .comment       0x0000003c       0x1f build/stm32f4xx_hal_rcc.o
 .comment       0x0000003c       0x1f build/stm32f4xx_hal_rcc_ex.o
 .comment       0x0000003c       0x1f build/stm32f4xx_hal_tim.o
 .comment       0x0000003c       0x1f build/stm32f4xx_hal_tim_ex.o
 .comment       0x0000003c       0x1f build/stm32f4xx_hal_uart.o
 .comment       0x0000003c       0x1f /usr/lib/gcc/arm-none-eabi/13.2.0/../../../../arm-none-eabi/lib/thumb/v7e-m+fp/hard/libc_nano.a(libc_a-memset.o)
 .comment       0x0000003c       0x1f /usr/lib/gcc/arm-none-eabi/13.2.0/../../../../arm-none-eabi/lib/thumb/v7e-m+fp/hard/libc_nano.a(libc_a-init.o)
 .comment       0x0000003c       0x1f /usr/lib/gcc/arm-none-eabi/13.2.0/thumb/v7e-m+fp/hard/libgcc.a(_udivmoddi4.o)

.debug_frame    0x00000000     0x2750
 .debug_frame   0x00000000       0x6c build/adc.o
 .debug_frame   0x0000006c       0x60 build/can.o
 .debug_frame   0x000000cc       0x2c build/dma.o
 .debug_frame   0x000000f8       0x34 build/gpio.o
 .debug_frame   0x0000012c       0x68 build/main.o
 .debug_frame   0x00000194       0x2c build/stm32f4xx_hal_msp.o
 .debug_frame   0x000001c0       0xc0 build/stm32f4xx_it.o
 .debug_frame   0x00000280       0x30 build/system_stm32f4xx.o
 .debug_frame   0x000002b0       0x58 build/tim.o
 .debug_frame   0x00000308       0x60 build/usart.o
 .debug_frame   0x00000368      0x1ec build/stm32f4xx_hal.o
 .debug_frame   0x00000554      0x268 build/stm32f4xx_hal_adc.o
 .debug_frame   0x000007bc      0x2d8 build/stm32f4xx_hal_can.o
 .debug_frame   0x00000a94      0x1f4 build/stm32f4xx_hal_cortex.o
 .debug_frame   0x00000c88      0x188 build/stm32f4xx_hal_dma.o
 .debug_frame   0x00000e10       0xd8 build/stm32f4xx_hal_gpio.o
 .debug_frame   0x00000ee8      0x16c build/stm32f4xx_hal_rcc.o
 .debug_frame   0x00001054      0x14c build/stm32f4xx_hal_rcc_ex.o
 .debug_frame   0x000011a0      0xb10 build/stm32f4xx_hal_tim.o
 .debug_frame   0x00001cb0      0x418 build/stm32f4xx_hal_tim_ex.o
 .debug_frame   0x000020c8      0x5dc build/stm32f4xx_hal_uart.o
 .debug_frame   0x000026a4       0x20 /usr/lib/gcc/arm-none-eabi/13.2.0/../../../../arm-none-eabi/lib/thumb/v7e-m+fp/hard/libc_nano.a(libc_a-memset.o)
 .debug_frame   0x000026c4       0x2c /usr/lib/gcc/arm-none-eabi/13.2.0/../../../../arm-none-eabi/lib/thumb/v7e-m+fp/hard/libc_nano.a(libc_a-init.o)
 .debug_frame   0x000026f0       0x2c /usr/lib/gcc/arm-none-eabi/13.2.0/thumb/v7e-m+fp/hard/libgcc.a(_aeabi_uldivmod.o)
 .debug_frame   0x0000271c       0x34 /usr/lib/gcc/arm-none-eabi/13.2.0/thumb/v7e-m+fp/hard/libgcc.a(_udivmoddi4.o)

.debug_line_str
                0x00000000       0xd8
 .debug_line_str
                0x00000000       0xd8 build/startup_stm32f446xx.o
                                 0x3a (size before relaxing)
 .debug_line_str
                0x000000d8       0x92 /usr/lib/gcc/arm-none-eabi/13.2.0/thumb/v7e-m+fp/hard/libgcc.a(_aeabi_uldivmod.o)
 .debug_line_str
                0x000000d8       0x96 /usr/lib/gcc/arm-none-eabi/13.2.0/thumb/v7e-m+fp/hard/libgcc.a(_dvmd_tls.o)

Cross Reference Table

Symbol                                            File
ADC_IRQHandler                                    build/startup_stm32f446xx.o
AHBPrescTable                                     build/system_stm32f4xx.o
                                                  build/stm32f4xx_hal_rcc.o
APBPrescTable                                     build/system_stm32f4xx.o
                                                  build/stm32f4xx_hal_rcc.o
BusFault_Handler                                  build/stm32f4xx_it.o
CAN1_RX0_IRQHandler                               build/startup_stm32f446xx.o
CAN1_RX1_IRQHandler                               build/startup_stm32f446xx.o
CAN1_SCE_IRQHandler                               build/startup_stm32f446xx.o
CAN1_TX_IRQHandler                                build/startup_stm32f446xx.o
CAN2_RX0_IRQHandler                               build/startup_stm32f446xx.o
CAN2_RX1_IRQHandler                               build/startup_stm32f446xx.o
CAN2_SCE_IRQHandler                               build/startup_stm32f446xx.o
CAN2_TX_IRQHandler                                build/startup_stm32f446xx.o
CEC_IRQHandler                                    build/startup_stm32f446xx.o
DCMI_IRQHandler                                   build/startup_stm32f446xx.o
DMA1_Stream0_IRQHandler                           build/startup_stm32f446xx.o
DMA1_Stream1_IRQHandler                           build/startup_stm32f446xx.o
DMA1_Stream2_IRQHandler                           build/startup_stm32f446xx.o
DMA1_Stream3_IRQHandler                           build/startup_stm32f446xx.o
DMA1_Stream4_IRQHandler                           build/startup_stm32f446xx.o
DMA1_Stream5_IRQHandler                           build/startup_stm32f446xx.o
DMA1_Stream6_IRQHandler                           build/startup_stm32f446xx.o
DMA1_Stream7_IRQHandler                           build/startup_stm32f446xx.o
DMA2_Stream0_IRQHandler                           build/stm32f4xx_it.o
DMA2_Stream1_IRQHandler                           build/startup_stm32f446xx.o
DMA2_Stream2_IRQHandler                           build/startup_stm32f446xx.o
DMA2_Stream3_IRQHandler                           build/startup_stm32f446xx.o
DMA2_Stream4_IRQHandler                           build/startup_stm32f446xx.o
DMA2_Stream5_IRQHandler                           build/startup_stm32f446xx.o
DMA2_Stream6_IRQHandler                           build/startup_stm32f446xx.o
DMA2_Stream7_IRQHandler                           build/startup_stm32f446xx.o
DebugMon_Handler                                  build/stm32f4xx_it.o
Default_Handler                                   build/startup_stm32f446xx.o
EXTI0_IRQHandler                                  build/startup_stm32f446xx.o
EXTI15_10_IRQHandler                              build/startup_stm32f446xx.o
EXTI1_IRQHandler                                  build/startup_stm32f446xx.o
EXTI2_IRQHandler                                  build/startup_stm32f446xx.o
EXTI3_IRQHandler                                  build/startup_stm32f446xx.o
EXTI4_IRQHandler                                  build/startup_stm32f446xx.o
EXTI9_5_IRQHandler                                build/startup_stm32f446xx.o
Error_Handler                                     build/main.o
                                                  build/usart.o
                                                  build/tim.o
                                                  build/can.o
                                                  build/adc.o
FLASH_Erase_Sector                                build/stm32f4xx_hal_flash_ex.o
                                                  build/stm32f4xx_hal_flash.o
FLASH_FlushCaches                                 build/stm32f4xx_hal_flash_ex.o
                                                  build/stm32f4xx_hal_flash.o
FLASH_IRQHandler                                  build/startup_stm32f446xx.o
FLASH_WaitForLastOperation                        build/stm32f4xx_hal_flash.o
                                                  build/stm32f4xx_hal_flash_ex.o
FMC_IRQHandler                                    build/startup_stm32f446xx.o
FMPI2C1_ER_IRQHandler                             build/startup_stm32f446xx.o
FMPI2C1_EV_IRQHandler                             build/startup_stm32f446xx.o
FPU_IRQHandler                                    build/startup_stm32f446xx.o
HAL_ADCEx_InjectedConfigChannel                   build/stm32f4xx_hal_adc_ex.o
HAL_ADCEx_InjectedConvCpltCallback                build/stm32f4xx_hal_adc_ex.o
                                                  build/stm32f4xx_hal_adc.o
HAL_ADCEx_InjectedGetValue                        build/stm32f4xx_hal_adc_ex.o
HAL_ADCEx_InjectedPollForConversion               build/stm32f4xx_hal_adc_ex.o
HAL_ADCEx_InjectedStart                           build/stm32f4xx_hal_adc_ex.o
HAL_ADCEx_InjectedStart_IT                        build/stm32f4xx_hal_adc_ex.o
HAL_ADCEx_InjectedStop                            build/stm32f4xx_hal_adc_ex.o
HAL_ADCEx_InjectedStop_IT                         build/stm32f4xx_hal_adc_ex.o
HAL_ADCEx_MultiModeConfigChannel                  build/stm32f4xx_hal_adc_ex.o
HAL_ADCEx_MultiModeGetValue                       build/stm32f4xx_hal_adc_ex.o
HAL_ADCEx_MultiModeStart_DMA                      build/stm32f4xx_hal_adc_ex.o
HAL_ADCEx_MultiModeStop_DMA                       build/stm32f4xx_hal_adc_ex.o
HAL_ADC_AnalogWDGConfig                           build/stm32f4xx_hal_adc.o
HAL_ADC_ConfigChannel                             build/stm32f4xx_hal_adc.o
                                                  build/adc.o
HAL_ADC_ConvCpltCallback                          build/main.o
                                                  build/stm32f4xx_hal_adc_ex.o
HAL_ADC_ConvHalfCpltCallback                      build/stm32f4xx_hal_adc.o
                                                  build/stm32f4xx_hal_adc_ex.o
HAL_ADC_DeInit                                    build/stm32f4xx_hal_adc.o
HAL_ADC_ErrorCallback                             build/stm32f4xx_hal_adc.o
                                                  build/stm32f4xx_hal_adc_ex.o
HAL_ADC_GetError                                  build/stm32f4xx_hal_adc.o
HAL_ADC_GetState                                  build/stm32f4xx_hal_adc.o
HAL_ADC_GetValue                                  build/stm32f4xx_hal_adc.o
HAL_ADC_IRQHandler                                build/stm32f4xx_hal_adc.o
HAL_ADC_Init                                      build/stm32f4xx_hal_adc.o
                                                  build/adc.o
HAL_ADC_LevelOutOfWindowCallback                  build/stm32f4xx_hal_adc.o
HAL_ADC_MspDeInit                                 build/adc.o
HAL_ADC_MspInit                                   build/adc.o
HAL_ADC_PollForConversion                         build/stm32f4xx_hal_adc.o
HAL_ADC_PollForEvent                              build/stm32f4xx_hal_adc.o
HAL_ADC_Start                                     build/stm32f4xx_hal_adc.o
HAL_ADC_Start_DMA                                 build/stm32f4xx_hal_adc.o
                                                  build/main.o
HAL_ADC_Start_IT                                  build/stm32f4xx_hal_adc.o
HAL_ADC_Stop                                      build/stm32f4xx_hal_adc.o
HAL_ADC_Stop_DMA                                  build/stm32f4xx_hal_adc.o
HAL_ADC_Stop_IT                                   build/stm32f4xx_hal_adc.o
HAL_CAN_AbortTxRequest                            build/stm32f4xx_hal_can.o
HAL_CAN_ActivateNotification                      build/stm32f4xx_hal_can.o
HAL_CAN_AddTxMessage                              build/stm32f4xx_hal_can.o
HAL_CAN_ConfigFilter                              build/stm32f4xx_hal_can.o
HAL_CAN_DeInit                                    build/stm32f4xx_hal_can.o
HAL_CAN_DeactivateNotification                    build/stm32f4xx_hal_can.o
HAL_CAN_ErrorCallback                             build/stm32f4xx_hal_can.o
HAL_CAN_GetError                                  build/stm32f4xx_hal_can.o
HAL_CAN_GetRxFifoFillLevel                        build/stm32f4xx_hal_can.o
HAL_CAN_GetRxMessage                              build/stm32f4xx_hal_can.o
HAL_CAN_GetState                                  build/stm32f4xx_hal_can.o
HAL_CAN_GetTxMailboxesFreeLevel                   build/stm32f4xx_hal_can.o
HAL_CAN_GetTxTimestamp                            build/stm32f4xx_hal_can.o
HAL_CAN_IRQHandler                                build/stm32f4xx_hal_can.o
HAL_CAN_Init                                      build/stm32f4xx_hal_can.o
                                                  build/can.o
HAL_CAN_IsSleepActive                             build/stm32f4xx_hal_can.o
HAL_CAN_IsTxMessagePending                        build/stm32f4xx_hal_can.o
HAL_CAN_MspDeInit                                 build/can.o
HAL_CAN_MspInit                                   build/can.o
HAL_CAN_RequestSleep                              build/stm32f4xx_hal_can.o
HAL_CAN_ResetError                                build/stm32f4xx_hal_can.o
HAL_CAN_RxFifo0FullCallback                       build/stm32f4xx_hal_can.o
HAL_CAN_RxFifo0MsgPendingCallback                 build/stm32f4xx_hal_can.o
HAL_CAN_RxFifo1FullCallback                       build/stm32f4xx_hal_can.o
HAL_CAN_RxFifo1MsgPendingCallback                 build/stm32f4xx_hal_can.o
HAL_CAN_SleepCallback                             build/stm32f4xx_hal_can.o
HAL_CAN_Start                                     build/stm32f4xx_hal_can.o
HAL_CAN_Stop                                      build/stm32f4xx_hal_can.o
HAL_CAN_TxMailbox0AbortCallback                   build/stm32f4xx_hal_can.o
HAL_CAN_TxMailbox0CompleteCallback                build/stm32f4xx_hal_can.o
HAL_CAN_TxMailbox1AbortCallback                   build/stm32f4xx_hal_can.o
HAL_CAN_TxMailbox1CompleteCallback                build/stm32f4xx_hal_can.o
HAL_CAN_TxMailbox2AbortCallback                   build/stm32f4xx_hal_can.o
HAL_CAN_TxMailbox2CompleteCallback                build/stm32f4xx_hal_can.o
HAL_CAN_WakeUp                                    build/stm32f4xx_hal_can.o
HAL_CAN_WakeUpFromRxMsgCallback                   build/stm32f4xx_hal_can.o
HAL_CORTEX_ClearEvent                             build/stm32f4xx_hal_cortex.o
HAL_DBGMCU_DisableDBGSleepMode                    build/stm32f4xx_hal.o
HAL_DBGMCU_DisableDBGStandbyMode                  build/stm32f4xx_hal.o
HAL_DBGMCU_DisableDBGStopMode                     build/stm32f4xx_hal.o
HAL_DBGMCU_EnableDBGSleepMode                     build/stm32f4xx_hal.o
HAL_DBGMCU_EnableDBGStandbyMode                   build/stm32f4xx_hal.o
HAL_DBGMCU_EnableDBGStopMode                      build/stm32f4xx_hal.o
HAL_DMAEx_ChangeMemory                            build/stm32f4xx_hal_dma_ex.o
HAL_DMAEx_MultiBufferStart                        build/stm32f4xx_hal_dma_ex.o
HAL_DMAEx_MultiBufferStart_IT                     build/stm32f4xx_hal_dma_ex.o
HAL_DMA_Abort                                     build/stm32f4xx_hal_dma.o
                                                  build/stm32f4xx_hal_uart.o
                                                  build/stm32f4xx_hal_adc_ex.o
                                                  build/stm32f4xx_hal_adc.o
HAL_DMA_Abort_IT                                  build/stm32f4xx_hal_dma.o
                                                  build/stm32f4xx_hal_uart.o
                                                  build/stm32f4xx_hal_tim_ex.o
                                                  build/stm32f4xx_hal_tim.o
HAL_DMA_DeInit                                    build/stm32f4xx_hal_dma.o
                                                  build/adc.o
HAL_DMA_GetError                                  build/stm32f4xx_hal_dma.o
                                                  build/stm32f4xx_hal_uart.o
HAL_DMA_GetState                                  build/stm32f4xx_hal_dma.o
HAL_DMA_IRQHandler                                build/stm32f4xx_hal_dma.o
                                                  build/stm32f4xx_it.o
HAL_DMA_Init                                      build/stm32f4xx_hal_dma.o
                                                  build/adc.o
HAL_DMA_PollForTransfer                           build/stm32f4xx_hal_dma.o
HAL_DMA_RegisterCallback                          build/stm32f4xx_hal_dma.o
HAL_DMA_Start                                     build/stm32f4xx_hal_dma.o
HAL_DMA_Start_IT                                  build/stm32f4xx_hal_dma.o
                                                  build/stm32f4xx_hal_uart.o
                                                  build/stm32f4xx_hal_tim_ex.o
                                                  build/stm32f4xx_hal_tim.o
                                                  build/stm32f4xx_hal_adc_ex.o
                                                  build/stm32f4xx_hal_adc.o
HAL_DMA_UnRegisterCallback                        build/stm32f4xx_hal_dma.o
HAL_DeInit                                        build/stm32f4xx_hal.o
HAL_Delay                                         build/stm32f4xx_hal.o
HAL_DisableCompensationCell                       build/stm32f4xx_hal.o
HAL_EXTI_ClearConfigLine                          build/stm32f4xx_hal_exti.o
HAL_EXTI_ClearPending                             build/stm32f4xx_hal_exti.o
HAL_EXTI_GenerateSWI                              build/stm32f4xx_hal_exti.o
HAL_EXTI_GetConfigLine                            build/stm32f4xx_hal_exti.o
HAL_EXTI_GetHandle                                build/stm32f4xx_hal_exti.o
HAL_EXTI_GetPending                               build/stm32f4xx_hal_exti.o
HAL_EXTI_IRQHandler                               build/stm32f4xx_hal_exti.o
HAL_EXTI_RegisterCallback                         build/stm32f4xx_hal_exti.o
HAL_EXTI_SetConfigLine                            build/stm32f4xx_hal_exti.o
HAL_EnableCompensationCell                        build/stm32f4xx_hal.o
HAL_FLASHEx_AdvOBGetConfig                        build/stm32f4xx_hal_flash_ex.o
HAL_FLASHEx_AdvOBProgram                          build/stm32f4xx_hal_flash_ex.o
HAL_FLASHEx_DisableFlashSleepMode                 build/stm32f4xx_hal_flash_ramfunc.o
HAL_FLASHEx_EnableFlashSleepMode                  build/stm32f4xx_hal_flash_ramfunc.o
HAL_FLASHEx_Erase                                 build/stm32f4xx_hal_flash_ex.o
HAL_FLASHEx_Erase_IT                              build/stm32f4xx_hal_flash_ex.o
HAL_FLASHEx_OBGetConfig                           build/stm32f4xx_hal_flash_ex.o
HAL_FLASHEx_OBProgram                             build/stm32f4xx_hal_flash_ex.o
HAL_FLASHEx_OB_DeSelectPCROP                      build/stm32f4xx_hal_flash_ex.o
HAL_FLASHEx_OB_SelectPCROP                        build/stm32f4xx_hal_flash_ex.o
HAL_FLASHEx_StartFlashInterfaceClk                build/stm32f4xx_hal_flash_ramfunc.o
HAL_FLASHEx_StopFlashInterfaceClk                 build/stm32f4xx_hal_flash_ramfunc.o
HAL_FLASH_EndOfOperationCallback                  build/stm32f4xx_hal_flash.o
HAL_FLASH_GetError                                build/stm32f4xx_hal_flash.o
HAL_FLASH_IRQHandler                              build/stm32f4xx_hal_flash.o
HAL_FLASH_Lock                                    build/stm32f4xx_hal_flash.o
HAL_FLASH_OB_Launch                               build/stm32f4xx_hal_flash.o
HAL_FLASH_OB_Lock                                 build/stm32f4xx_hal_flash.o
HAL_FLASH_OB_Unlock                               build/stm32f4xx_hal_flash.o
HAL_FLASH_OperationErrorCallback                  build/stm32f4xx_hal_flash.o
HAL_FLASH_Program                                 build/stm32f4xx_hal_flash.o
HAL_FLASH_Program_IT                              build/stm32f4xx_hal_flash.o
HAL_FLASH_Unlock                                  build/stm32f4xx_hal_flash.o
HAL_GPIO_DeInit                                   build/stm32f4xx_hal_gpio.o
                                                  build/usart.o
                                                  build/can.o
                                                  build/adc.o
HAL_GPIO_EXTI_Callback                            build/stm32f4xx_hal_gpio.o
HAL_GPIO_EXTI_IRQHandler                          build/stm32f4xx_hal_gpio.o
HAL_GPIO_Init                                     build/stm32f4xx_hal_gpio.o
                                                  build/stm32f4xx_hal_rcc.o
                                                  build/usart.o
                                                  build/gpio.o
                                                  build/can.o
                                                  build/adc.o
HAL_GPIO_LockPin                                  build/stm32f4xx_hal_gpio.o
HAL_GPIO_ReadPin                                  build/stm32f4xx_hal_gpio.o
HAL_GPIO_TogglePin                                build/stm32f4xx_hal_gpio.o
HAL_GPIO_WritePin                                 build/stm32f4xx_hal_gpio.o
                                                  build/gpio.o
HAL_GetDEVID                                      build/stm32f4xx_hal.o
HAL_GetHalVersion                                 build/stm32f4xx_hal.o
HAL_GetREVID                                      build/stm32f4xx_hal.o
HAL_GetTick                                       build/stm32f4xx_hal.o
                                                  build/stm32f4xx_hal_uart.o
                                                  build/stm32f4xx_hal_rcc_ex.o
                                                  build/stm32f4xx_hal_rcc.o
                                                  build/stm32f4xx_hal_pwr_ex.o
                                                  build/stm32f4xx_hal_flash.o
                                                  build/stm32f4xx_hal_dma.o
                                                  build/stm32f4xx_hal_can.o
                                                  build/stm32f4xx_hal_adc_ex.o
                                                  build/stm32f4xx_hal_adc.o
HAL_GetTickFreq                                   build/stm32f4xx_hal.o
HAL_GetTickPrio                                   build/stm32f4xx_hal.o
HAL_GetUIDw0                                      build/stm32f4xx_hal.o
HAL_GetUIDw1                                      build/stm32f4xx_hal.o
HAL_GetUIDw2                                      build/stm32f4xx_hal.o
HAL_HalfDuplex_EnableReceiver                     build/stm32f4xx_hal_uart.o
HAL_HalfDuplex_EnableTransmitter                  build/stm32f4xx_hal_uart.o
HAL_HalfDuplex_Init                               build/stm32f4xx_hal_uart.o
HAL_IncTick                                       build/stm32f4xx_hal.o
                                                  build/stm32f4xx_it.o
HAL_Init                                          build/stm32f4xx_hal.o
                                                  build/main.o
HAL_InitTick                                      build/stm32f4xx_hal.o
                                                  build/stm32f4xx_hal_rcc_ex.o
                                                  build/stm32f4xx_hal_rcc.o
HAL_LIN_Init                                      build/stm32f4xx_hal_uart.o
HAL_LIN_SendBreak                                 build/stm32f4xx_hal_uart.o
HAL_MPU_ConfigRegion                              build/stm32f4xx_hal_cortex.o
HAL_MPU_Disable                                   build/stm32f4xx_hal_cortex.o
HAL_MPU_Enable                                    build/stm32f4xx_hal_cortex.o
HAL_MspDeInit                                     build/stm32f4xx_hal.o
HAL_MspInit                                       build/stm32f4xx_hal_msp.o
HAL_MultiProcessor_EnterMuteMode                  build/stm32f4xx_hal_uart.o
HAL_MultiProcessor_ExitMuteMode                   build/stm32f4xx_hal_uart.o
HAL_MultiProcessor_Init                           build/stm32f4xx_hal_uart.o
HAL_NVIC_ClearPendingIRQ                          build/stm32f4xx_hal_cortex.o
HAL_NVIC_DisableIRQ                               build/stm32f4xx_hal_cortex.o
HAL_NVIC_EnableIRQ                                build/stm32f4xx_hal_cortex.o
                                                  build/dma.o
HAL_NVIC_GetActive                                build/stm32f4xx_hal_cortex.o
HAL_NVIC_GetPendingIRQ                            build/stm32f4xx_hal_cortex.o
HAL_NVIC_GetPriority                              build/stm32f4xx_hal_cortex.o
HAL_NVIC_GetPriorityGrouping                      build/stm32f4xx_hal_cortex.o
HAL_NVIC_SetPendingIRQ                            build/stm32f4xx_hal_cortex.o
HAL_NVIC_SetPriority                              build/stm32f4xx_hal_cortex.o
                                                  build/stm32f4xx_hal.o
                                                  build/dma.o
HAL_NVIC_SetPriorityGrouping                      build/stm32f4xx_hal_cortex.o
                                                  build/stm32f4xx_hal.o
                                                  build/stm32f4xx_hal_msp.o
HAL_NVIC_SystemReset                              build/stm32f4xx_hal_cortex.o
HAL_PWREx_ControlVoltageScaling                   build/stm32f4xx_hal_pwr_ex.o
HAL_PWREx_DisableBkUpReg                          build/stm32f4xx_hal_pwr_ex.o
HAL_PWREx_DisableFlashPowerDown                   build/stm32f4xx_hal_pwr_ex.o
HAL_PWREx_DisableOverDrive                        build/stm32f4xx_hal_pwr_ex.o
HAL_PWREx_EnableBkUpReg                           build/stm32f4xx_hal_pwr_ex.o
HAL_PWREx_EnableFlashPowerDown                    build/stm32f4xx_hal_pwr_ex.o
HAL_PWREx_EnableOverDrive                         build/stm32f4xx_hal_pwr_ex.o
HAL_PWREx_EnterUnderDriveSTOPMode                 build/stm32f4xx_hal_pwr_ex.o
HAL_PWREx_GetVoltageRange                         build/stm32f4xx_hal_pwr_ex.o
HAL_PWR_ConfigPVD                                 build/stm32f4xx_hal_pwr.o
HAL_PWR_DeInit                                    build/stm32f4xx_hal_pwr.o
HAL_PWR_DisableBkUpAccess                         build/stm32f4xx_hal_pwr.o
HAL_PWR_DisablePVD                                build/stm32f4xx_hal_pwr.o
HAL_PWR_DisableSEVOnPend                          build/stm32f4xx_hal_pwr.o
HAL_PWR_DisableSleepOnExit                        build/stm32f4xx_hal_pwr.o
HAL_PWR_DisableWakeUpPin                          build/stm32f4xx_hal_pwr.o
HAL_PWR_EnableBkUpAccess                          build/stm32f4xx_hal_pwr.o
HAL_PWR_EnablePVD                                 build/stm32f4xx_hal_pwr.o
HAL_PWR_EnableSEVOnPend                           build/stm32f4xx_hal_pwr.o
HAL_PWR_EnableSleepOnExit                         build/stm32f4xx_hal_pwr.o
HAL_PWR_EnableWakeUpPin                           build/stm32f4xx_hal_pwr.o
HAL_PWR_EnterSLEEPMode                            build/stm32f4xx_hal_pwr.o
HAL_PWR_EnterSTANDBYMode                          build/stm32f4xx_hal_pwr.o
HAL_PWR_EnterSTOPMode                             build/stm32f4xx_hal_pwr.o
HAL_PWR_PVDCallback                               build/stm32f4xx_hal_pwr.o
HAL_PWR_PVD_IRQHandler                            build/stm32f4xx_hal_pwr.o
HAL_RCCEx_DisablePLLI2S                           build/stm32f4xx_hal_rcc_ex.o
HAL_RCCEx_DisablePLLSAI                           build/stm32f4xx_hal_rcc_ex.o
HAL_RCCEx_EnablePLLI2S                            build/stm32f4xx_hal_rcc_ex.o
HAL_RCCEx_EnablePLLSAI                            build/stm32f4xx_hal_rcc_ex.o
HAL_RCCEx_GetPeriphCLKConfig                      build/stm32f4xx_hal_rcc_ex.o
HAL_RCCEx_GetPeriphCLKFreq                        build/stm32f4xx_hal_rcc_ex.o
HAL_RCCEx_PeriphCLKConfig                         build/stm32f4xx_hal_rcc_ex.o
HAL_RCCEx_SelectLSEMode                           build/stm32f4xx_hal_rcc_ex.o
HAL_RCC_CSSCallback                               build/stm32f4xx_hal_rcc.o
HAL_RCC_ClockConfig                               build/stm32f4xx_hal_rcc.o
                                                  build/main.o
HAL_RCC_DeInit                                    build/stm32f4xx_hal_rcc_ex.o
                                                  build/stm32f4xx_hal_rcc.o
HAL_RCC_DisableCSS                                build/stm32f4xx_hal_rcc.o
HAL_RCC_EnableCSS                                 build/stm32f4xx_hal_rcc.o
HAL_RCC_GetClockConfig                            build/stm32f4xx_hal_rcc.o
HAL_RCC_GetHCLKFreq                               build/stm32f4xx_hal_rcc.o
HAL_RCC_GetOscConfig                              build/stm32f4xx_hal_rcc_ex.o
                                                  build/stm32f4xx_hal_rcc.o
HAL_RCC_GetPCLK1Freq                              build/stm32f4xx_hal_rcc.o
                                                  build/stm32f4xx_hal_uart.o
HAL_RCC_GetPCLK2Freq                              build/stm32f4xx_hal_rcc.o
                                                  build/stm32f4xx_hal_uart.o
HAL_RCC_GetSysClockFreq                           build/stm32f4xx_hal_rcc_ex.o
                                                  build/stm32f4xx_hal_rcc.o
HAL_RCC_MCOConfig                                 build/stm32f4xx_hal_rcc.o
HAL_RCC_NMI_IRQHandler                            build/stm32f4xx_hal_rcc.o
HAL_RCC_OscConfig                                 build/stm32f4xx_hal_rcc_ex.o
                                                  build/stm32f4xx_hal_rcc.o
                                                  build/main.o
HAL_ResumeTick                                    build/stm32f4xx_hal.o
HAL_SYSTICK_CLKSourceConfig                       build/stm32f4xx_hal_cortex.o
HAL_SYSTICK_Callback                              build/stm32f4xx_hal_cortex.o
HAL_SYSTICK_Config                                build/stm32f4xx_hal_cortex.o
                                                  build/stm32f4xx_hal.o
HAL_SYSTICK_IRQHandler                            build/stm32f4xx_hal_cortex.o
HAL_SetTickFreq                                   build/stm32f4xx_hal.o
HAL_SuspendTick                                   build/stm32f4xx_hal.o
HAL_TIMEx_BreakCallback                           build/stm32f4xx_hal_tim_ex.o
                                                  build/stm32f4xx_hal_tim.o
HAL_TIMEx_CommutCallback                          build/stm32f4xx_hal_tim_ex.o
                                                  build/stm32f4xx_hal_tim.o
HAL_TIMEx_CommutHalfCpltCallback                  build/stm32f4xx_hal_tim_ex.o
HAL_TIMEx_ConfigBreakDeadTime                     build/stm32f4xx_hal_tim_ex.o
HAL_TIMEx_ConfigCommutEvent                       build/stm32f4xx_hal_tim_ex.o
HAL_TIMEx_ConfigCommutEvent_DMA                   build/stm32f4xx_hal_tim_ex.o
HAL_TIMEx_ConfigCommutEvent_IT                    build/stm32f4xx_hal_tim_ex.o
HAL_TIMEx_GetChannelNState                        build/stm32f4xx_hal_tim_ex.o
HAL_TIMEx_HallSensor_DeInit                       build/stm32f4xx_hal_tim_ex.o
HAL_TIMEx_HallSensor_GetState                     build/stm32f4xx_hal_tim_ex.o
HAL_TIMEx_HallSensor_Init                         build/stm32f4xx_hal_tim_ex.o
HAL_TIMEx_HallSensor_MspDeInit                    build/stm32f4xx_hal_tim_ex.o
HAL_TIMEx_HallSensor_MspInit                      build/stm32f4xx_hal_tim_ex.o
HAL_TIMEx_HallSensor_Start                        build/stm32f4xx_hal_tim_ex.o
HAL_TIMEx_HallSensor_Start_DMA                    build/stm32f4xx_hal_tim_ex.o
HAL_TIMEx_HallSensor_Start_IT                     build/stm32f4xx_hal_tim_ex.o
HAL_TIMEx_HallSensor_Stop                         build/stm32f4xx_hal_tim_ex.o
HAL_TIMEx_HallSensor_Stop_DMA                     build/stm32f4xx_hal_tim_ex.o
HAL_TIMEx_HallSensor_Stop_IT                      build/stm32f4xx_hal_tim_ex.o
HAL_TIMEx_MasterConfigSynchronization             build/stm32f4xx_hal_tim_ex.o
                                                  build/tim.o
HAL_TIMEx_OCN_Start                               build/stm32f4xx_hal_tim_ex.o
HAL_TIMEx_OCN_Start_DMA                           build/stm32f4xx_hal_tim_ex.o
HAL_TIMEx_OCN_Start_IT                            build/stm32f4xx_hal_tim_ex.o
HAL_TIMEx_OCN_Stop                                build/stm32f4xx_hal_tim_ex.o
HAL_TIMEx_OCN_Stop_DMA                            build/stm32f4xx_hal_tim_ex.o
HAL_TIMEx_OCN_Stop_IT                             build/stm32f4xx_hal_tim_ex.o
HAL_TIMEx_OnePulseN_Start                         build/stm32f4xx_hal_tim_ex.o
HAL_TIMEx_OnePulseN_Start_IT                      build/stm32f4xx_hal_tim_ex.o
HAL_TIMEx_OnePulseN_Stop                          build/stm32f4xx_hal_tim_ex.o
HAL_TIMEx_OnePulseN_Stop_IT                       build/stm32f4xx_hal_tim_ex.o
HAL_TIMEx_PWMN_Start                              build/stm32f4xx_hal_tim_ex.o
HAL_TIMEx_PWMN_Start_DMA                          build/stm32f4xx_hal_tim_ex.o
HAL_TIMEx_PWMN_Start_IT                           build/stm32f4xx_hal_tim_ex.o
HAL_TIMEx_PWMN_Stop                               build/stm32f4xx_hal_tim_ex.o
HAL_TIMEx_PWMN_Stop_DMA                           build/stm32f4xx_hal_tim_ex.o
HAL_TIMEx_PWMN_Stop_IT                            build/stm32f4xx_hal_tim_ex.o
HAL_TIMEx_RemapConfig                             build/stm32f4xx_hal_tim_ex.o
HAL_TIM_Base_DeInit                               build/stm32f4xx_hal_tim.o
HAL_TIM_Base_GetState                             build/stm32f4xx_hal_tim.o
HAL_TIM_Base_Init                                 build/stm32f4xx_hal_tim.o
                                                  build/tim.o
HAL_TIM_Base_MspDeInit                            build/tim.o
HAL_TIM_Base_MspInit                              build/tim.o
HAL_TIM_Base_Start                                build/stm32f4xx_hal_tim.o
                                                  build/main.o
HAL_TIM_Base_Start_DMA                            build/stm32f4xx_hal_tim.o
HAL_TIM_Base_Start_IT                             build/stm32f4xx_hal_tim.o
HAL_TIM_Base_Stop                                 build/stm32f4xx_hal_tim.o
HAL_TIM_Base_Stop_DMA                             build/stm32f4xx_hal_tim.o
HAL_TIM_Base_Stop_IT                              build/stm32f4xx_hal_tim.o
HAL_TIM_ConfigClockSource                         build/stm32f4xx_hal_tim.o
                                                  build/tim.o
HAL_TIM_ConfigOCrefClear                          build/stm32f4xx_hal_tim.o
HAL_TIM_ConfigTI1Input                            build/stm32f4xx_hal_tim.o
HAL_TIM_DMABurstState                             build/stm32f4xx_hal_tim.o
HAL_TIM_DMABurst_MultiReadStart                   build/stm32f4xx_hal_tim.o
HAL_TIM_DMABurst_MultiWriteStart                  build/stm32f4xx_hal_tim.o
HAL_TIM_DMABurst_ReadStart                        build/stm32f4xx_hal_tim.o
HAL_TIM_DMABurst_ReadStop                         build/stm32f4xx_hal_tim.o
HAL_TIM_DMABurst_WriteStart                       build/stm32f4xx_hal_tim.o
HAL_TIM_DMABurst_WriteStop                        build/stm32f4xx_hal_tim.o
HAL_TIM_Encoder_DeInit                            build/stm32f4xx_hal_tim.o
HAL_TIM_Encoder_GetState                          build/stm32f4xx_hal_tim.o
HAL_TIM_Encoder_Init                              build/stm32f4xx_hal_tim.o
HAL_TIM_Encoder_MspDeInit                         build/stm32f4xx_hal_tim.o
HAL_TIM_Encoder_MspInit                           build/stm32f4xx_hal_tim.o
HAL_TIM_Encoder_Start                             build/stm32f4xx_hal_tim.o
HAL_TIM_Encoder_Start_DMA                         build/stm32f4xx_hal_tim.o
HAL_TIM_Encoder_Start_IT                          build/stm32f4xx_hal_tim.o
HAL_TIM_Encoder_Stop                              build/stm32f4xx_hal_tim.o
HAL_TIM_Encoder_Stop_DMA                          build/stm32f4xx_hal_tim.o
HAL_TIM_Encoder_Stop_IT                           build/stm32f4xx_hal_tim.o
HAL_TIM_ErrorCallback                             build/stm32f4xx_hal_tim.o
                                                  build/stm32f4xx_hal_tim_ex.o
HAL_TIM_GenerateEvent                             build/stm32f4xx_hal_tim.o
HAL_TIM_GetActiveChannel                          build/stm32f4xx_hal_tim.o
HAL_TIM_GetChannelState                           build/stm32f4xx_hal_tim.o
HAL_TIM_IC_CaptureCallback                        build/stm32f4xx_hal_tim.o
HAL_TIM_IC_CaptureHalfCpltCallback                build/stm32f4xx_hal_tim.o
HAL_TIM_IC_ConfigChannel                          build/stm32f4xx_hal_tim.o
HAL_TIM_IC_DeInit                                 build/stm32f4xx_hal_tim.o
HAL_TIM_IC_GetState                               build/stm32f4xx_hal_tim.o
HAL_TIM_IC_Init                                   build/stm32f4xx_hal_tim.o
HAL_TIM_IC_MspDeInit                              build/stm32f4xx_hal_tim.o
HAL_TIM_IC_MspInit                                build/stm32f4xx_hal_tim.o
HAL_TIM_IC_Start                                  build/stm32f4xx_hal_tim.o
HAL_TIM_IC_Start_DMA                              build/stm32f4xx_hal_tim.o
HAL_TIM_IC_Start_IT                               build/stm32f4xx_hal_tim.o
HAL_TIM_IC_Stop                                   build/stm32f4xx_hal_tim.o
HAL_TIM_IC_Stop_DMA                               build/stm32f4xx_hal_tim.o
HAL_TIM_IC_Stop_IT                                build/stm32f4xx_hal_tim.o
HAL_TIM_IRQHandler                                build/stm32f4xx_hal_tim.o
HAL_TIM_OC_ConfigChannel                          build/stm32f4xx_hal_tim.o
HAL_TIM_OC_DeInit                                 build/stm32f4xx_hal_tim.o
HAL_TIM_OC_DelayElapsedCallback                   build/stm32f4xx_hal_tim.o
HAL_TIM_OC_GetState                               build/stm32f4xx_hal_tim.o
HAL_TIM_OC_Init                                   build/stm32f4xx_hal_tim.o
HAL_TIM_OC_MspDeInit                              build/stm32f4xx_hal_tim.o
HAL_TIM_OC_MspInit                                build/stm32f4xx_hal_tim.o
HAL_TIM_OC_Start                                  build/stm32f4xx_hal_tim.o
HAL_TIM_OC_Start_DMA                              build/stm32f4xx_hal_tim.o
HAL_TIM_OC_Start_IT                               build/stm32f4xx_hal_tim.o
HAL_TIM_OC_Stop                                   build/stm32f4xx_hal_tim.o
HAL_TIM_OC_Stop_DMA                               build/stm32f4xx_hal_tim.o
HAL_TIM_OC_Stop_IT                                build/stm32f4xx_hal_tim.o
HAL_TIM_OnePulse_ConfigChannel                    build/stm32f4xx_hal_tim.o
HAL_TIM_OnePulse_DeInit                           build/stm32f4xx_hal_tim.o
HAL_TIM_OnePulse_GetState                         build/stm32f4xx_hal_tim.o
HAL_TIM_OnePulse_Init                             build/stm32f4xx_hal_tim.o
HAL_TIM_OnePulse_MspDeInit                        build/stm32f4xx_hal_tim.o
HAL_TIM_OnePulse_MspInit                          build/stm32f4xx_hal_tim.o
HAL_TIM_OnePulse_Start                            build/stm32f4xx_hal_tim.o
HAL_TIM_OnePulse_Start_IT                         build/stm32f4xx_hal_tim.o
HAL_TIM_OnePulse_Stop                             build/stm32f4xx_hal_tim.o
HAL_TIM_OnePulse_Stop_IT                          build/stm32f4xx_hal_tim.o
HAL_TIM_PWM_ConfigChannel                         build/stm32f4xx_hal_tim.o
HAL_TIM_PWM_DeInit                                build/stm32f4xx_hal_tim.o
HAL_TIM_PWM_GetState                              build/stm32f4xx_hal_tim.o
HAL_TIM_PWM_Init                                  build/stm32f4xx_hal_tim.o
HAL_TIM_PWM_MspDeInit                             build/stm32f4xx_hal_tim.o
HAL_TIM_PWM_MspInit                               build/stm32f4xx_hal_tim.o
HAL_TIM_PWM_PulseFinishedCallback                 build/stm32f4xx_hal_tim.o
                                                  build/stm32f4xx_hal_tim_ex.o
HAL_TIM_PWM_PulseFinishedHalfCpltCallback         build/stm32f4xx_hal_tim.o
HAL_TIM_PWM_Start                                 build/stm32f4xx_hal_tim.o
HAL_TIM_PWM_Start_DMA                             build/stm32f4xx_hal_tim.o
HAL_TIM_PWM_Start_IT                              build/stm32f4xx_hal_tim.o
HAL_TIM_PWM_Stop                                  build/stm32f4xx_hal_tim.o
HAL_TIM_PWM_Stop_DMA                              build/stm32f4xx_hal_tim.o
HAL_TIM_PWM_Stop_IT                               build/stm32f4xx_hal_tim.o
HAL_TIM_PeriodElapsedCallback                     build/stm32f4xx_hal_tim.o
HAL_TIM_PeriodElapsedHalfCpltCallback             build/stm32f4xx_hal_tim.o
HAL_TIM_ReadCapturedValue                         build/stm32f4xx_hal_tim.o
HAL_TIM_SlaveConfigSynchro                        build/stm32f4xx_hal_tim.o
HAL_TIM_SlaveConfigSynchro_IT                     build/stm32f4xx_hal_tim.o
HAL_TIM_TriggerCallback                           build/stm32f4xx_hal_tim.o
HAL_TIM_TriggerHalfCpltCallback                   build/stm32f4xx_hal_tim.o
HAL_UARTEx_GetRxEventType                         build/stm32f4xx_hal_uart.o
HAL_UARTEx_ReceiveToIdle                          build/stm32f4xx_hal_uart.o
HAL_UARTEx_ReceiveToIdle_DMA                      build/stm32f4xx_hal_uart.o
HAL_UARTEx_ReceiveToIdle_IT                       build/stm32f4xx_hal_uart.o
HAL_UARTEx_RxEventCallback                        build/stm32f4xx_hal_uart.o
HAL_UART_Abort                                    build/stm32f4xx_hal_uart.o
HAL_UART_AbortCpltCallback                        build/stm32f4xx_hal_uart.o
HAL_UART_AbortReceive                             build/stm32f4xx_hal_uart.o
HAL_UART_AbortReceiveCpltCallback                 build/stm32f4xx_hal_uart.o
HAL_UART_AbortReceive_IT                          build/stm32f4xx_hal_uart.o
HAL_UART_AbortTransmit                            build/stm32f4xx_hal_uart.o
HAL_UART_AbortTransmitCpltCallback                build/stm32f4xx_hal_uart.o
HAL_UART_AbortTransmit_IT                         build/stm32f4xx_hal_uart.o
HAL_UART_Abort_IT                                 build/stm32f4xx_hal_uart.o
HAL_UART_DMAPause                                 build/stm32f4xx_hal_uart.o
HAL_UART_DMAResume                                build/stm32f4xx_hal_uart.o
HAL_UART_DMAStop                                  build/stm32f4xx_hal_uart.o
HAL_UART_DeInit                                   build/stm32f4xx_hal_uart.o
HAL_UART_ErrorCallback                            build/stm32f4xx_hal_uart.o
HAL_UART_GetError                                 build/stm32f4xx_hal_uart.o
HAL_UART_GetState                                 build/stm32f4xx_hal_uart.o
HAL_UART_IRQHandler                               build/stm32f4xx_hal_uart.o
HAL_UART_Init                                     build/stm32f4xx_hal_uart.o
                                                  build/usart.o
HAL_UART_MspDeInit                                build/usart.o
HAL_UART_MspInit                                  build/usart.o
HAL_UART_Receive                                  build/stm32f4xx_hal_uart.o
HAL_UART_Receive_DMA                              build/stm32f4xx_hal_uart.o
HAL_UART_Receive_IT                               build/stm32f4xx_hal_uart.o
HAL_UART_RxCpltCallback                           build/stm32f4xx_hal_uart.o
HAL_UART_RxHalfCpltCallback                       build/stm32f4xx_hal_uart.o
HAL_UART_Transmit                                 build/stm32f4xx_hal_uart.o
HAL_UART_Transmit_DMA                             build/stm32f4xx_hal_uart.o
HAL_UART_Transmit_IT                              build/stm32f4xx_hal_uart.o
HAL_UART_TxCpltCallback                           build/stm32f4xx_hal_uart.o
HAL_UART_TxHalfCpltCallback                       build/stm32f4xx_hal_uart.o
HardFault_Handler                                 build/stm32f4xx_it.o
I2C1_ER_IRQHandler                                build/startup_stm32f446xx.o
I2C1_EV_IRQHandler                                build/startup_stm32f446xx.o
I2C2_ER_IRQHandler                                build/startup_stm32f446xx.o
I2C2_EV_IRQHandler                                build/startup_stm32f446xx.o
I2C3_ER_IRQHandler                                build/startup_stm32f446xx.o
I2C3_EV_IRQHandler                                build/startup_stm32f446xx.o
MX_ADC1_Init                                      build/adc.o
                                                  build/main.o
MX_CAN1_Init                                      build/can.o
                                                  build/main.o
MX_DMA_Init                                       build/dma.o
                                                  build/main.o
MX_GPIO_Init                                      build/gpio.o
                                                  build/main.o
MX_TIM2_Init                                      build/tim.o
                                                  build/main.o
MX_USART2_UART_Init                               build/usart.o
                                                  build/main.o
MemManage_Handler                                 build/stm32f4xx_it.o
NMI_Handler                                       build/stm32f4xx_it.o
OTG_FS_IRQHandler                                 build/startup_stm32f446xx.o
OTG_FS_WKUP_IRQHandler                            build/startup_stm32f446xx.o
OTG_HS_EP1_IN_IRQHandler                          build/startup_stm32f446xx.o
OTG_HS_EP1_OUT_IRQHandler                         build/startup_stm32f446xx.o
OTG_HS_IRQHandler                                 build/startup_stm32f446xx.o
OTG_HS_WKUP_IRQHandler                            build/startup_stm32f446xx.o
PVD_IRQHandler                                    build/startup_stm32f446xx.o
PendSV_Handler                                    build/stm32f4xx_it.o
QUADSPI_IRQHandler                                build/startup_stm32f446xx.o
RCC_IRQHandler                                    build/startup_stm32f446xx.o
RTC_Alarm_IRQHandler                              build/startup_stm32f446xx.o
RTC_WKUP_IRQHandler                               build/startup_stm32f446xx.o
Reset_Handler                                     build/startup_stm32f446xx.o
SAI1_IRQHandler                                   build/startup_stm32f446xx.o
SAI2_IRQHandler                                   build/startup_stm32f446xx.o
SDIO_IRQHandler                                   build/startup_stm32f446xx.o
SPDIF_RX_IRQHandler                               build/startup_stm32f446xx.o
SPI1_IRQHandler                                   build/startup_stm32f446xx.o
SPI2_IRQHandler                                   build/startup_stm32f446xx.o
SPI3_IRQHandler                                   build/startup_stm32f446xx.o
SPI4_IRQHandler                                   build/startup_stm32f446xx.o
SVC_Handler                                       build/stm32f4xx_it.o
SysTick_Handler                                   build/stm32f4xx_it.o
SystemClock_Config                                build/main.o
SystemCoreClock                                   build/system_stm32f4xx.o
                                                  build/stm32f4xx_hal_rcc_ex.o
                                                  build/stm32f4xx_hal_rcc.o
                                                  build/stm32f4xx_hal_dma.o
                                                  build/stm32f4xx_hal_adc_ex.o
                                                  build/stm32f4xx_hal_adc.o
                                                  build/stm32f4xx_hal.o
SystemCoreClockUpdate                             build/system_stm32f4xx.o
SystemInit                                        build/system_stm32f4xx.o
                                                  build/startup_stm32f446xx.o
TAMP_STAMP_IRQHandler                             build/startup_stm32f446xx.o
TIM1_BRK_TIM9_IRQHandler                          build/startup_stm32f446xx.o
TIM1_CC_IRQHandler                                build/startup_stm32f446xx.o
TIM1_TRG_COM_TIM11_IRQHandler                     build/startup_stm32f446xx.o
TIM1_UP_TIM10_IRQHandler                          build/startup_stm32f446xx.o
TIM2_IRQHandler                                   build/startup_stm32f446xx.o
TIM3_IRQHandler                                   build/startup_stm32f446xx.o
TIM4_IRQHandler                                   build/startup_stm32f446xx.o
TIM5_IRQHandler                                   build/startup_stm32f446xx.o
TIM6_DAC_IRQHandler                               build/startup_stm32f446xx.o
TIM7_IRQHandler                                   build/startup_stm32f446xx.o
TIM8_BRK_TIM12_IRQHandler                         build/startup_stm32f446xx.o
TIM8_CC_IRQHandler                                build/startup_stm32f446xx.o
TIM8_TRG_COM_TIM14_IRQHandler                     build/startup_stm32f446xx.o
TIM8_UP_TIM13_IRQHandler                          build/startup_stm32f446xx.o
TIMEx_DMACommutationCplt                          build/stm32f4xx_hal_tim_ex.o
                                                  build/stm32f4xx_hal_tim.o
TIMEx_DMACommutationHalfCplt                      build/stm32f4xx_hal_tim_ex.o
                                                  build/stm32f4xx_hal_tim.o
TIM_Base_SetConfig                                build/stm32f4xx_hal_tim.o
                                                  build/stm32f4xx_hal_tim_ex.o
TIM_CCxChannelCmd                                 build/stm32f4xx_hal_tim.o
                                                  build/stm32f4xx_hal_tim_ex.o
TIM_DMACaptureCplt                                build/stm32f4xx_hal_tim.o
                                                  build/stm32f4xx_hal_tim_ex.o
TIM_DMACaptureHalfCplt                            build/stm32f4xx_hal_tim.o
                                                  build/stm32f4xx_hal_tim_ex.o
TIM_DMADelayPulseHalfCplt                         build/stm32f4xx_hal_tim.o
                                                  build/stm32f4xx_hal_tim_ex.o
TIM_DMAError                                      build/stm32f4xx_hal_tim.o
                                                  build/stm32f4xx_hal_tim_ex.o
TIM_ETR_SetConfig                                 build/stm32f4xx_hal_tim.o
TIM_OC2_SetConfig                                 build/stm32f4xx_hal_tim.o
                                                  build/stm32f4xx_hal_tim_ex.o
TIM_TI1_SetConfig                                 build/stm32f4xx_hal_tim.o
                                                  build/stm32f4xx_hal_tim_ex.o
UART4_IRQHandler                                  build/startup_stm32f446xx.o
UART5_IRQHandler                                  build/startup_stm32f446xx.o
UART_Start_Receive_DMA                            build/stm32f4xx_hal_uart.o
UART_Start_Receive_IT                             build/stm32f4xx_hal_uart.o
USART1_IRQHandler                                 build/startup_stm32f446xx.o
USART2_IRQHandler                                 build/startup_stm32f446xx.o
USART3_IRQHandler                                 build/startup_stm32f446xx.o
USART6_IRQHandler                                 build/startup_stm32f446xx.o
UsageFault_Handler                                build/stm32f4xx_it.o
WWDG_IRQHandler                                   build/startup_stm32f446xx.o
__aeabi_idiv0                                     /usr/lib/gcc/arm-none-eabi/13.2.0/thumb/v7e-m+fp/hard/libgcc.a(_dvmd_tls.o)